[0.144s] DEBUG:colcon:Command line arguments: ['/usr/bin/colcon', 'build', '--packages-select', 'perception_msgs']
[0.144s] DEBUG:colcon:Parsed command line arguments: Namespace(allow_overriding=[], ament_cmake_args=None, base_paths=['.'], build_base='build', catkin_cmake_args=None, catkin_skip_building_tests=False, cmake_args=None, cmake_clean_cache=False, cmake_clean_first=False, cmake_force_configure=False, cmake_target=None, cmake_target_skip_unavailable=False, continue_on_error=False, event_handlers=None, executor='parallel', ignore_user_meta=False, install_base='install', log_base=None, log_level=None, main=<bound method BuildVerb.main of <colcon_core.verb.build.BuildVerb object at 0x7f98949cbc10>>, merge_install=False, metas=['./colcon.meta'], packages_above=None, packages_above_and_dependencies=None, packages_above_depth=None, packages_end=None, packages_ignore=None, packages_ignore_regex=None, packages_select=['perception_msgs'], packages_select_build_failed=False, packages_select_by_dep=None, packages_select_regex=None, packages_select_test_failures=False, packages_skip=None, packages_skip_build_finished=False, packages_skip_by_dep=None, packages_skip_regex=None, packages_skip_test_passed=False, packages_skip_up_to=None, packages_start=None, packages_up_to=None, packages_up_to_regex=None, parallel_workers=8, paths=None, symlink_install=False, test_result_base=None, verb_extension=<colcon_core.verb.build.BuildVerb object at 0x7f98949cbc10>, verb_name='build', verb_parser=<colcon_defaults.argument_parser.defaults.DefaultArgumentsDecorator object at 0x7f98949da1c0>)
[0.254s] Level 1:colcon.colcon_core.package_discovery:discover_packages(colcon_meta) check parameters
[0.254s] Level 1:colcon.colcon_core.package_discovery:discover_packages(recursive) check parameters
[0.254s] Level 1:colcon.colcon_core.package_discovery:discover_packages(ignore) check parameters
[0.254s] Level 1:colcon.colcon_core.package_discovery:discover_packages(path) check parameters
[0.254s] Level 1:colcon.colcon_core.package_discovery:discover_packages(colcon_meta) discover
[0.254s] Level 1:colcon.colcon_core.package_discovery:discover_packages(recursive) discover
[0.254s] INFO:colcon.colcon_core.package_discovery:Crawling recursively for packages in '/home/meizan/workspace/athena-robot-dog/modules/message/ros2'
[0.254s] Level 1:colcon.colcon_core.package_identification:_identify(.) by extensions ['ignore', 'ignore_ament_install']
[0.254s] Level 1:colcon.colcon_core.package_identification:_identify(.) by extension 'ignore'
[0.255s] Level 1:colcon.colcon_core.package_identification:_identify(.) by extension 'ignore_ament_install'
[0.255s] Level 1:colcon.colcon_core.package_identification:_identify(.) by extensions ['colcon_pkg']
[0.255s] Level 1:colcon.colcon_core.package_identification:_identify(.) by extension 'colcon_pkg'
[0.255s] Level 1:colcon.colcon_core.package_identification:_identify(.) by extensions ['colcon_meta']
[0.255s] Level 1:colcon.colcon_core.package_identification:_identify(.) by extension 'colcon_meta'
[0.255s] Level 1:colcon.colcon_core.package_identification:_identify(.) by extensions ['ros']
[0.255s] Level 1:colcon.colcon_core.package_identification:_identify(.) by extension 'ros'
[0.262s] Level 1:colcon.colcon_core.package_identification:_identify(.) by extensions ['cmake', 'python']
[0.262s] Level 1:colcon.colcon_core.package_identification:_identify(.) by extension 'cmake'
[0.262s] Level 1:colcon.colcon_core.package_identification:_identify(.) by extension 'python'
[0.262s] Level 1:colcon.colcon_core.package_identification:_identify(.) by extensions ['python_setup_py']
[0.262s] Level 1:colcon.colcon_core.package_identification:_identify(.) by extension 'python_setup_py'
[0.262s] Level 1:colcon.colcon_core.package_identification:_identify(build) by extensions ['ignore', 'ignore_ament_install']
[0.262s] Level 1:colcon.colcon_core.package_identification:_identify(build) by extension 'ignore'
[0.262s] Level 1:colcon.colcon_core.package_identification:_identify(build) ignored
[0.262s] Level 1:colcon.colcon_core.package_identification:_identify(install) by extensions ['ignore', 'ignore_ament_install']
[0.262s] Level 1:colcon.colcon_core.package_identification:_identify(install) by extension 'ignore'
[0.262s] Level 1:colcon.colcon_core.package_identification:_identify(install) ignored
[0.263s] Level 1:colcon.colcon_core.package_identification:_identify(log) by extensions ['ignore', 'ignore_ament_install']
[0.263s] Level 1:colcon.colcon_core.package_identification:_identify(log) by extension 'ignore'
[0.263s] Level 1:colcon.colcon_core.package_identification:_identify(log) ignored
[0.263s] Level 1:colcon.colcon_core.package_identification:_identify(src) by extensions ['ignore', 'ignore_ament_install']
[0.263s] Level 1:colcon.colcon_core.package_identification:_identify(src) by extension 'ignore'
[0.263s] Level 1:colcon.colcon_core.package_identification:_identify(src) by extension 'ignore_ament_install'
[0.263s] Level 1:colcon.colcon_core.package_identification:_identify(src) by extensions ['colcon_pkg']
[0.263s] Level 1:colcon.colcon_core.package_identification:_identify(src) by extension 'colcon_pkg'
[0.263s] Level 1:colcon.colcon_core.package_identification:_identify(src) by extensions ['colcon_meta']
[0.263s] Level 1:colcon.colcon_core.package_identification:_identify(src) by extension 'colcon_meta'
[0.263s] Level 1:colcon.colcon_core.package_identification:_identify(src) by extensions ['ros']
[0.263s] Level 1:colcon.colcon_core.package_identification:_identify(src) by extension 'ros'
[0.263s] Level 1:colcon.colcon_core.package_identification:_identify(src) by extensions ['cmake', 'python']
[0.263s] Level 1:colcon.colcon_core.package_identification:_identify(src) by extension 'cmake'
[0.263s] Level 1:colcon.colcon_core.package_identification:_identify(src) by extension 'python'
[0.263s] Level 1:colcon.colcon_core.package_identification:_identify(src) by extensions ['python_setup_py']
[0.263s] Level 1:colcon.colcon_core.package_identification:_identify(src) by extension 'python_setup_py'
[0.263s] Level 1:colcon.colcon_core.package_identification:_identify(src/athena) by extensions ['ignore', 'ignore_ament_install']
[0.263s] Level 1:colcon.colcon_core.package_identification:_identify(src/athena) by extension 'ignore'
[0.263s] Level 1:colcon.colcon_core.package_identification:_identify(src/athena) by extension 'ignore_ament_install'
[0.263s] Level 1:colcon.colcon_core.package_identification:_identify(src/athena) by extensions ['colcon_pkg']
[0.263s] Level 1:colcon.colcon_core.package_identification:_identify(src/athena) by extension 'colcon_pkg'
[0.263s] Level 1:colcon.colcon_core.package_identification:_identify(src/athena) by extensions ['colcon_meta']
[0.263s] Level 1:colcon.colcon_core.package_identification:_identify(src/athena) by extension 'colcon_meta'
[0.263s] Level 1:colcon.colcon_core.package_identification:_identify(src/athena) by extensions ['ros']
[0.263s] Level 1:colcon.colcon_core.package_identification:_identify(src/athena) by extension 'ros'
[0.263s] Level 1:colcon.colcon_core.package_identification:_identify(src/athena) by extensions ['cmake', 'python']
[0.263s] Level 1:colcon.colcon_core.package_identification:_identify(src/athena) by extension 'cmake'
[0.263s] Level 1:colcon.colcon_core.package_identification:_identify(src/athena) by extension 'python'
[0.263s] Level 1:colcon.colcon_core.package_identification:_identify(src/athena) by extensions ['python_setup_py']
[0.264s] Level 1:colcon.colcon_core.package_identification:_identify(src/athena) by extension 'python_setup_py'
[0.264s] Level 1:colcon.colcon_core.package_identification:_identify(src/athena/perception_msgs) by extensions ['ignore', 'ignore_ament_install']
[0.264s] Level 1:colcon.colcon_core.package_identification:_identify(src/athena/perception_msgs) by extension 'ignore'
[0.264s] Level 1:colcon.colcon_core.package_identification:_identify(src/athena/perception_msgs) by extension 'ignore_ament_install'
[0.264s] Level 1:colcon.colcon_core.package_identification:_identify(src/athena/perception_msgs) by extensions ['colcon_pkg']
[0.264s] Level 1:colcon.colcon_core.package_identification:_identify(src/athena/perception_msgs) by extension 'colcon_pkg'
[0.264s] Level 1:colcon.colcon_core.package_identification:_identify(src/athena/perception_msgs) by extensions ['colcon_meta']
[0.264s] Level 1:colcon.colcon_core.package_identification:_identify(src/athena/perception_msgs) by extension 'colcon_meta'
[0.264s] Level 1:colcon.colcon_core.package_identification:_identify(src/athena/perception_msgs) by extensions ['ros']
[0.264s] Level 1:colcon.colcon_core.package_identification:_identify(src/athena/perception_msgs) by extension 'ros'
[0.266s] DEBUG:colcon.colcon_core.package_identification:Package 'src/athena/perception_msgs' with type 'ros.ament_cmake' and name 'perception_msgs'
[0.266s] Level 1:colcon.colcon_core.package_identification:_identify(src/athena/ros2_interface) by extensions ['ignore', 'ignore_ament_install']
[0.266s] Level 1:colcon.colcon_core.package_identification:_identify(src/athena/ros2_interface) by extension 'ignore'
[0.266s] Level 1:colcon.colcon_core.package_identification:_identify(src/athena/ros2_interface) by extension 'ignore_ament_install'
[0.266s] Level 1:colcon.colcon_core.package_identification:_identify(src/athena/ros2_interface) by extensions ['colcon_pkg']
[0.266s] Level 1:colcon.colcon_core.package_identification:_identify(src/athena/ros2_interface) by extension 'colcon_pkg'
[0.266s] Level 1:colcon.colcon_core.package_identification:_identify(src/athena/ros2_interface) by extensions ['colcon_meta']
[0.266s] Level 1:colcon.colcon_core.package_identification:_identify(src/athena/ros2_interface) by extension 'colcon_meta'
[0.266s] Level 1:colcon.colcon_core.package_identification:_identify(src/athena/ros2_interface) by extensions ['ros']
[0.266s] Level 1:colcon.colcon_core.package_identification:_identify(src/athena/ros2_interface) by extension 'ros'
[0.266s] DEBUG:colcon.colcon_core.package_identification:Package 'src/athena/ros2_interface' with type 'ros.ament_cmake' and name 'ros2_interface'
[0.267s] Level 1:colcon.colcon_core.package_discovery:discover_packages(recursive) using defaults
[0.267s] Level 1:colcon.colcon_core.package_discovery:discover_packages(ignore) discover
[0.267s] Level 1:colcon.colcon_core.package_discovery:discover_packages(ignore) using defaults
[0.267s] Level 1:colcon.colcon_core.package_discovery:discover_packages(path) discover
[0.267s] Level 1:colcon.colcon_core.package_discovery:discover_packages(path) using defaults
[0.285s] INFO:colcon.colcon_core.package_selection:Skipping not selected package 'ros2_interface' in 'src/athena/ros2_interface'
[0.285s] Level 1:colcon.colcon_core.package_discovery:discover_packages(prefix_path) check parameters
[0.286s] Level 1:colcon.colcon_core.package_discovery:discover_packages(prefix_path) discover
[0.286s] WARNING:colcon.colcon_ros.prefix_path.ament:The path '/home/meizan/workspace/athena-robot-dog/modules/message/ros2/install/perception_msg' in the environment variable AMENT_PREFIX_PATH doesn't exist
[0.286s] WARNING:colcon.colcon_ros.prefix_path.catkin:The path '/home/meizan/workspace/athena-robot-dog/modules/message/ros2/install/perception_msg' in the environment variable CMAKE_PREFIX_PATH doesn't exist
[0.287s] DEBUG:colcon.colcon_installed_package_information.package_discovery:Found 1 installed packages in /home/meizan/workspace/athena-robot-dog/modules/message/ros2/install
[0.288s] DEBUG:colcon.colcon_installed_package_information.package_discovery:Found 259 installed packages in /opt/ros/foxy
[0.289s] Level 1:colcon.colcon_core.package_discovery:discover_packages(prefix_path) using defaults
[0.324s] Level 5:colcon.colcon_core.verb:set package 'perception_msgs' build argument 'cmake_args' from command line to 'None'
[0.324s] Level 5:colcon.colcon_core.verb:set package 'perception_msgs' build argument 'cmake_target' from command line to 'None'
[0.324s] Level 5:colcon.colcon_core.verb:set package 'perception_msgs' build argument 'cmake_target_skip_unavailable' from command line to 'False'
[0.324s] Level 5:colcon.colcon_core.verb:set package 'perception_msgs' build argument 'cmake_clean_cache' from command line to 'False'
[0.324s] Level 5:colcon.colcon_core.verb:set package 'perception_msgs' build argument 'cmake_clean_first' from command line to 'False'
[0.324s] Level 5:colcon.colcon_core.verb:set package 'perception_msgs' build argument 'cmake_force_configure' from command line to 'False'
[0.324s] Level 5:colcon.colcon_core.verb:set package 'perception_msgs' build argument 'ament_cmake_args' from command line to 'None'
[0.324s] Level 5:colcon.colcon_core.verb:set package 'perception_msgs' build argument 'catkin_cmake_args' from command line to 'None'
[0.324s] Level 5:colcon.colcon_core.verb:set package 'perception_msgs' build argument 'catkin_skip_building_tests' from command line to 'False'
[0.324s] DEBUG:colcon.colcon_core.verb:Building package 'perception_msgs' with the following arguments: {'ament_cmake_args': None, 'build_base': '/home/meizan/workspace/athena-robot-dog/modules/message/ros2/build/perception_msgs', 'catkin_cmake_args': None, 'catkin_skip_building_tests': False, 'cmake_args': None, 'cmake_clean_cache': False, 'cmake_clean_first': False, 'cmake_force_configure': False, 'cmake_target': None, 'cmake_target_skip_unavailable': False, 'install_base': '/home/meizan/workspace/athena-robot-dog/modules/message/ros2/install/perception_msgs', 'merge_install': False, 'path': '/home/meizan/workspace/athena-robot-dog/modules/message/ros2/src/athena/perception_msgs', 'symlink_install': False, 'test_result_base': None}
[0.324s] INFO:colcon.colcon_core.executor:Executing jobs using 'parallel' executor
[0.325s] DEBUG:colcon.colcon_parallel_executor.executor.parallel:run_until_complete
[0.325s] INFO:colcon.colcon_ros.task.ament_cmake.build:Building ROS package in '/home/meizan/workspace/athena-robot-dog/modules/message/ros2/src/athena/perception_msgs' with build type 'ament_cmake'
[0.325s] INFO:colcon.colcon_cmake.task.cmake.build:Building CMake package in '/home/meizan/workspace/athena-robot-dog/modules/message/ros2/src/athena/perception_msgs'
[0.327s] INFO:colcon.colcon_core.plugin_system:Skipping extension 'colcon_core.shell.bat': Not used on non-Windows systems
[0.327s] INFO:colcon.colcon_core.shell:Skip shell extension 'powershell' for command environment: Not usable outside of PowerShell
[0.327s] DEBUG:colcon.colcon_core.shell:Skip shell extension 'dsv' for command environment
[0.335s] DEBUG:colcon.colcon_core.event_handler.log_command:Invoking command in '/home/meizan/workspace/athena-robot-dog/modules/message/ros2/build/perception_msgs': CMAKE_PREFIX_PATH=${CMAKE_PREFIX_PATH}:/opt/ros/foxy /home/meizan/Qt/Tools/CMake/bin/cmake /home/meizan/workspace/athena-robot-dog/modules/message/ros2/src/athena/perception_msgs -DCMAKE_INSTALL_PREFIX=/home/meizan/workspace/athena-robot-dog/modules/message/ros2/install/perception_msgs
[1.293s] DEBUG:colcon.colcon_core.event_handler.log_command:Invoked command in '/home/meizan/workspace/athena-robot-dog/modules/message/ros2/build/perception_msgs' returned '0': CMAKE_PREFIX_PATH=${CMAKE_PREFIX_PATH}:/opt/ros/foxy /home/meizan/Qt/Tools/CMake/bin/cmake /home/meizan/workspace/athena-robot-dog/modules/message/ros2/src/athena/perception_msgs -DCMAKE_INSTALL_PREFIX=/home/meizan/workspace/athena-robot-dog/modules/message/ros2/install/perception_msgs
[1.294s] DEBUG:colcon.colcon_core.event_handler.log_command:Invoking command in '/home/meizan/workspace/athena-robot-dog/modules/message/ros2/build/perception_msgs': CMAKE_PREFIX_PATH=${CMAKE_PREFIX_PATH}:/opt/ros/foxy /home/meizan/Qt/Tools/CMake/bin/cmake --build /home/meizan/workspace/athena-robot-dog/modules/message/ros2/build/perception_msgs -- -j8 -l8
[8.378s] DEBUG:colcon.colcon_core.event_handler.log_command:Invoked command in '/home/meizan/workspace/athena-robot-dog/modules/message/ros2/build/perception_msgs' returned '0': CMAKE_PREFIX_PATH=${CMAKE_PREFIX_PATH}:/opt/ros/foxy /home/meizan/Qt/Tools/CMake/bin/cmake --build /home/meizan/workspace/athena-robot-dog/modules/message/ros2/build/perception_msgs -- -j8 -l8
[8.384s] DEBUG:colcon.colcon_core.event_handler.log_command:Invoking command in '/home/meizan/workspace/athena-robot-dog/modules/message/ros2/build/perception_msgs': CMAKE_PREFIX_PATH=${CMAKE_PREFIX_PATH}:/opt/ros/foxy /home/meizan/Qt/Tools/CMake/bin/cmake --install /home/meizan/workspace/athena-robot-dog/modules/message/ros2/build/perception_msgs
[8.433s] Level 1:colcon.colcon_core.environment:create_environment_scripts_only(perception_msgs)
[8.433s] DEBUG:colcon.colcon_core.event_handler.log_command:Invoked command in '/home/meizan/workspace/athena-robot-dog/modules/message/ros2/build/perception_msgs' returned '0': CMAKE_PREFIX_PATH=${CMAKE_PREFIX_PATH}:/opt/ros/foxy /home/meizan/Qt/Tools/CMake/bin/cmake --install /home/meizan/workspace/athena-robot-dog/modules/message/ros2/build/perception_msgs
[8.435s] Level 1:colcon.colcon_core.environment:checking '/home/meizan/workspace/athena-robot-dog/modules/message/ros2/install/perception_msgs' for CMake module files
[8.435s] Level 1:colcon.colcon_core.environment:checking '/home/meizan/workspace/athena-robot-dog/modules/message/ros2/install/perception_msgs' for CMake config files
[8.436s] Level 1:colcon.colcon_core.shell:create_environment_hook('perception_msgs', 'cmake_prefix_path')
[8.436s] INFO:colcon.colcon_core.shell:Creating environment hook '/home/meizan/workspace/athena-robot-dog/modules/message/ros2/install/perception_msgs/share/perception_msgs/hook/cmake_prefix_path.ps1'
[8.436s] INFO:colcon.colcon_core.shell:Creating environment descriptor '/home/meizan/workspace/athena-robot-dog/modules/message/ros2/install/perception_msgs/share/perception_msgs/hook/cmake_prefix_path.dsv'
[8.437s] INFO:colcon.colcon_core.shell:Creating environment hook '/home/meizan/workspace/athena-robot-dog/modules/message/ros2/install/perception_msgs/share/perception_msgs/hook/cmake_prefix_path.sh'
[8.437s] Level 1:colcon.colcon_core.environment:checking '/home/meizan/workspace/athena-robot-dog/modules/message/ros2/install/perception_msgs/lib'
[8.437s] Level 1:colcon.colcon_core.shell:create_environment_hook('perception_msgs', 'ld_library_path_lib')
[8.438s] INFO:colcon.colcon_core.shell:Creating environment hook '/home/meizan/workspace/athena-robot-dog/modules/message/ros2/install/perception_msgs/share/perception_msgs/hook/ld_library_path_lib.ps1'
[8.438s] INFO:colcon.colcon_core.shell:Creating environment descriptor '/home/meizan/workspace/athena-robot-dog/modules/message/ros2/install/perception_msgs/share/perception_msgs/hook/ld_library_path_lib.dsv'
[8.438s] INFO:colcon.colcon_core.shell:Creating environment hook '/home/meizan/workspace/athena-robot-dog/modules/message/ros2/install/perception_msgs/share/perception_msgs/hook/ld_library_path_lib.sh'
[8.438s] Level 1:colcon.colcon_core.environment:checking '/home/meizan/workspace/athena-robot-dog/modules/message/ros2/install/perception_msgs/bin'
[8.438s] Level 1:colcon.colcon_core.environment:checking '/home/meizan/workspace/athena-robot-dog/modules/message/ros2/install/perception_msgs/lib/pkgconfig/perception_msgs.pc'
[8.438s] Level 1:colcon.colcon_core.environment:checking '/home/meizan/workspace/athena-robot-dog/modules/message/ros2/install/perception_msgs/lib/python3.8/site-packages'
[8.438s] Level 1:colcon.colcon_core.shell:create_environment_hook('perception_msgs', 'pythonpath')
[8.439s] INFO:colcon.colcon_core.shell:Creating environment hook '/home/meizan/workspace/athena-robot-dog/modules/message/ros2/install/perception_msgs/share/perception_msgs/hook/pythonpath.ps1'
[8.439s] INFO:colcon.colcon_core.shell:Creating environment descriptor '/home/meizan/workspace/athena-robot-dog/modules/message/ros2/install/perception_msgs/share/perception_msgs/hook/pythonpath.dsv'
[8.439s] INFO:colcon.colcon_core.shell:Creating environment hook '/home/meizan/workspace/athena-robot-dog/modules/message/ros2/install/perception_msgs/share/perception_msgs/hook/pythonpath.sh'
[8.439s] Level 1:colcon.colcon_core.environment:checking '/home/meizan/workspace/athena-robot-dog/modules/message/ros2/install/perception_msgs/bin'
[8.440s] INFO:colcon.colcon_core.shell:Creating package script '/home/meizan/workspace/athena-robot-dog/modules/message/ros2/install/perception_msgs/share/perception_msgs/package.ps1'
[8.440s] INFO:colcon.colcon_core.shell:Creating package descriptor '/home/meizan/workspace/athena-robot-dog/modules/message/ros2/install/perception_msgs/share/perception_msgs/package.dsv'
[8.441s] INFO:colcon.colcon_core.shell:Creating package script '/home/meizan/workspace/athena-robot-dog/modules/message/ros2/install/perception_msgs/share/perception_msgs/package.sh'
[8.442s] INFO:colcon.colcon_core.shell:Creating package script '/home/meizan/workspace/athena-robot-dog/modules/message/ros2/install/perception_msgs/share/perception_msgs/package.bash'
[8.442s] INFO:colcon.colcon_core.shell:Creating package script '/home/meizan/workspace/athena-robot-dog/modules/message/ros2/install/perception_msgs/share/perception_msgs/package.zsh'
[8.443s] Level 1:colcon.colcon_core.environment:create_file_with_runtime_dependencies(/home/meizan/workspace/athena-robot-dog/modules/message/ros2/install/perception_msgs/share/colcon-core/packages/perception_msgs)
[8.443s] Level 1:colcon.colcon_core.environment:create_environment_scripts_only(perception_msgs)
[8.444s] Level 1:colcon.colcon_core.environment:checking '/home/meizan/workspace/athena-robot-dog/modules/message/ros2/install/perception_msgs' for CMake module files
[8.444s] Level 1:colcon.colcon_core.environment:checking '/home/meizan/workspace/athena-robot-dog/modules/message/ros2/install/perception_msgs' for CMake config files
[8.444s] Level 1:colcon.colcon_core.shell:create_environment_hook('perception_msgs', 'cmake_prefix_path')
[8.444s] INFO:colcon.colcon_core.shell:Creating environment hook '/home/meizan/workspace/athena-robot-dog/modules/message/ros2/install/perception_msgs/share/perception_msgs/hook/cmake_prefix_path.ps1'
[8.445s] INFO:colcon.colcon_core.shell:Creating environment descriptor '/home/meizan/workspace/athena-robot-dog/modules/message/ros2/install/perception_msgs/share/perception_msgs/hook/cmake_prefix_path.dsv'
[8.445s] INFO:colcon.colcon_core.shell:Creating environment hook '/home/meizan/workspace/athena-robot-dog/modules/message/ros2/install/perception_msgs/share/perception_msgs/hook/cmake_prefix_path.sh'
[8.445s] Level 1:colcon.colcon_core.environment:checking '/home/meizan/workspace/athena-robot-dog/modules/message/ros2/install/perception_msgs/lib'
[8.445s] Level 1:colcon.colcon_core.shell:create_environment_hook('perception_msgs', 'ld_library_path_lib')
[8.445s] INFO:colcon.colcon_core.shell:Creating environment hook '/home/meizan/workspace/athena-robot-dog/modules/message/ros2/install/perception_msgs/share/perception_msgs/hook/ld_library_path_lib.ps1'
[8.446s] INFO:colcon.colcon_core.shell:Creating environment descriptor '/home/meizan/workspace/athena-robot-dog/modules/message/ros2/install/perception_msgs/share/perception_msgs/hook/ld_library_path_lib.dsv'
[8.446s] INFO:colcon.colcon_core.shell:Creating environment hook '/home/meizan/workspace/athena-robot-dog/modules/message/ros2/install/perception_msgs/share/perception_msgs/hook/ld_library_path_lib.sh'
[8.446s] Level 1:colcon.colcon_core.environment:checking '/home/meizan/workspace/athena-robot-dog/modules/message/ros2/install/perception_msgs/bin'
[8.446s] Level 1:colcon.colcon_core.environment:checking '/home/meizan/workspace/athena-robot-dog/modules/message/ros2/install/perception_msgs/lib/pkgconfig/perception_msgs.pc'
[8.446s] Level 1:colcon.colcon_core.environment:checking '/home/meizan/workspace/athena-robot-dog/modules/message/ros2/install/perception_msgs/lib/python3.8/site-packages'
[8.446s] Level 1:colcon.colcon_core.shell:create_environment_hook('perception_msgs', 'pythonpath')
[8.446s] INFO:colcon.colcon_core.shell:Creating environment hook '/home/meizan/workspace/athena-robot-dog/modules/message/ros2/install/perception_msgs/share/perception_msgs/hook/pythonpath.ps1'
[8.447s] INFO:colcon.colcon_core.shell:Creating environment descriptor '/home/meizan/workspace/athena-robot-dog/modules/message/ros2/install/perception_msgs/share/perception_msgs/hook/pythonpath.dsv'
[8.447s] INFO:colcon.colcon_core.shell:Creating environment hook '/home/meizan/workspace/athena-robot-dog/modules/message/ros2/install/perception_msgs/share/perception_msgs/hook/pythonpath.sh'
[8.447s] Level 1:colcon.colcon_core.environment:checking '/home/meizan/workspace/athena-robot-dog/modules/message/ros2/install/perception_msgs/bin'
[8.447s] INFO:colcon.colcon_core.shell:Creating package script '/home/meizan/workspace/athena-robot-dog/modules/message/ros2/install/perception_msgs/share/perception_msgs/package.ps1'
[8.448s] INFO:colcon.colcon_core.shell:Creating package descriptor '/home/meizan/workspace/athena-robot-dog/modules/message/ros2/install/perception_msgs/share/perception_msgs/package.dsv'
[8.448s] INFO:colcon.colcon_core.shell:Creating package script '/home/meizan/workspace/athena-robot-dog/modules/message/ros2/install/perception_msgs/share/perception_msgs/package.sh'
[8.448s] INFO:colcon.colcon_core.shell:Creating package script '/home/meizan/workspace/athena-robot-dog/modules/message/ros2/install/perception_msgs/share/perception_msgs/package.bash'
[8.449s] INFO:colcon.colcon_core.shell:Creating package script '/home/meizan/workspace/athena-robot-dog/modules/message/ros2/install/perception_msgs/share/perception_msgs/package.zsh'
[8.449s] Level 1:colcon.colcon_core.environment:create_file_with_runtime_dependencies(/home/meizan/workspace/athena-robot-dog/modules/message/ros2/install/perception_msgs/share/colcon-core/packages/perception_msgs)
[8.449s] DEBUG:colcon.colcon_parallel_executor.executor.parallel:closing loop
[8.450s] DEBUG:colcon.colcon_parallel_executor.executor.parallel:loop closed
[8.450s] DEBUG:colcon.colcon_parallel_executor.executor.parallel:run_until_complete finished with '0'
[8.450s] DEBUG:colcon.colcon_core.event_reactor:joining thread
[8.454s] INFO:colcon.colcon_core.plugin_system:Skipping extension 'colcon_notification.desktop_notification.terminal_notifier': Not used on non-Darwin systems
[8.454s] INFO:colcon.colcon_core.plugin_system:Skipping extension 'colcon_notification.desktop_notification.win32': Not used on non-Windows systems
[8.454s] INFO:colcon.colcon_notification.desktop_notification:Sending desktop notification using 'notify2'
[8.464s] DEBUG:colcon.colcon_core.event_reactor:joined thread
[8.465s] INFO:colcon.colcon_core.shell:Creating prefix script '/home/meizan/workspace/athena-robot-dog/modules/message/ros2/install/local_setup.ps1'
[8.466s] INFO:colcon.colcon_core.shell:Creating prefix util module '/home/meizan/workspace/athena-robot-dog/modules/message/ros2/install/_local_setup_util_ps1.py'
[8.466s] INFO:colcon.colcon_core.shell:Creating prefix chain script '/home/meizan/workspace/athena-robot-dog/modules/message/ros2/install/setup.ps1'
[8.467s] INFO:colcon.colcon_core.shell:Creating prefix script '/home/meizan/workspace/athena-robot-dog/modules/message/ros2/install/local_setup.sh'
[8.468s] INFO:colcon.colcon_core.shell:Creating prefix util module '/home/meizan/workspace/athena-robot-dog/modules/message/ros2/install/_local_setup_util_sh.py'
[8.468s] INFO:colcon.colcon_core.shell:Creating prefix chain script '/home/meizan/workspace/athena-robot-dog/modules/message/ros2/install/setup.sh'
[8.469s] INFO:colcon.colcon_core.shell:Creating prefix script '/home/meizan/workspace/athena-robot-dog/modules/message/ros2/install/local_setup.bash'
[8.469s] INFO:colcon.colcon_core.shell:Creating prefix chain script '/home/meizan/workspace/athena-robot-dog/modules/message/ros2/install/setup.bash'
[8.470s] INFO:colcon.colcon_core.shell:Creating prefix script '/home/meizan/workspace/athena-robot-dog/modules/message/ros2/install/local_setup.zsh'
[8.470s] INFO:colcon.colcon_core.shell:Creating prefix chain script '/home/meizan/workspace/athena-robot-dog/modules/message/ros2/install/setup.zsh'
