[0.009s] Invoking command in '/home/meizan/workspace/athena-robot-dog/modules/message/ros2/build/perception_msgs': CMAKE_PREFIX_PATH=${CMAKE_PREFIX_PATH}:/opt/ros/foxy /home/meizan/Qt/Tools/CMake/bin/cmake /home/meizan/workspace/athena-robot-dog/modules/message/ros2/src/athena/perception_msgs -DCMAKE_INSTALL_PREFIX=/home/meizan/workspace/athena-robot-dog/modules/message/ros2/install/perception_msgs
[0.056s] -- The C compiler identification is GNU 9.4.0
[0.106s] -- The CXX compiler identification is GNU 9.4.0
[0.114s] -- Detecting C compiler ABI info
[0.160s] -- Detecting C compiler ABI info - done
[0.173s] -- Check for working C compiler: /usr/bin/cc - skipped
[0.173s] -- Detecting C compile features
[0.174s] -- Detecting C compile features - done
[0.177s] -- Detecting CXX compiler ABI info
[0.225s] -- Detecting CXX compiler ABI info - done
[0.239s] -- Check for working CXX compiler: /usr/bin/c++ - skipped
[0.239s] -- Detecting CXX compile features
[0.239s] -- Detecting CXX compile features - done
[0.241s] -- Found ament_cmake: 0.9.12 (/opt/ros/foxy/share/ament_cmake/cmake)
[0.243s] [33mCMake Warning (dev) at /opt/ros/foxy/share/ament_cmake_core/cmake/core/python.cmake:22 (find_package):
[0.243s]   Policy CMP0148 is not set: The FindPythonInterp and FindPythonLibs modules
[0.243s]   are removed.  Run "cmake --help-policy CMP0148" for policy details.  Use
[0.244s]   the cmake_policy command to set the policy and suppress this warning.
[0.244s] 
[0.244s] Call Stack (most recent call first):
[0.244s]   /opt/ros/foxy/share/ament_cmake_core/cmake/core/all.cmake:53 (include)
[0.244s]   /opt/ros/foxy/share/ament_cmake_core/cmake/ament_cmake_core-extras.cmake:17 (include)
[0.244s]   /opt/ros/foxy/share/ament_cmake_core/cmake/ament_cmake_coreConfig.cmake:41 (include)
[0.244s]   /opt/ros/foxy/share/ament_cmake/cmake/ament_cmake_export_dependencies-extras.cmake:15 (find_package)
[0.244s]   /opt/ros/foxy/share/ament_cmake/cmake/ament_cmakeConfig.cmake:41 (include)
[0.244s]   CMakeLists.txt:19 (find_package)
[0.244s] This warning is for project developers.  Use -Wno-dev to suppress it.
[0.244s] [0m
[0.258s] -- Found PythonInterp: /usr/bin/python3 (found suitable version "3.8.10", minimum required is "3")
[0.258s] -- Using PYTHON_EXECUTABLE: /usr/bin/python3
[0.400s] -- Found geometry_msgs: 2.0.5 (/opt/ros/foxy/share/geometry_msgs/cmake)
[0.421s] -- Using all available rosidl_typesupport_c: rosidl_typesupport_fastrtps_c;rosidl_typesupport_introspection_c
[0.425s] -- Found rosidl_adapter: 1.3.1 (/opt/ros/foxy/share/rosidl_adapter/cmake)
[0.479s] -- Found OpenSSL: /usr/lib/x86_64-linux-gnu/libcrypto.so (found version "1.1.1f")
[0.504s] -- Found FastRTPS: /opt/ros/foxy/include
[0.563s] -- Using all available rosidl_typesupport_cpp: rosidl_typesupport_fastrtps_cpp;rosidl_typesupport_introspection_cpp
[0.618s] -- Found rosidl_default_generators: 1.0.1 (/opt/ros/foxy/share/rosidl_default_generators/cmake)
[0.625s] [31mCMake Error at /opt/ros/foxy/share/rosidl_cmake/cmake/rosidl_generate_interfaces.cmake:59 (message):
[0.625s]   rosidl_generate_interfaces() called without any interface files
[0.625s] Call Stack (most recent call first):
[0.625s]   CMakeLists.txt:24 (rosidl_generate_interfaces)
[0.625s] 
[0.625s] [0m
[0.625s] -- Configuring incomplete, errors occurred!
[0.630s] Invoked command in '/home/meizan/workspace/athena-robot-dog/modules/message/ros2/build/perception_msgs' returned '1': CMAKE_PREFIX_PATH=${CMAKE_PREFIX_PATH}:/opt/ros/foxy /home/meizan/Qt/Tools/CMake/bin/cmake /home/meizan/workspace/athena-robot-dog/modules/message/ros2/src/athena/perception_msgs -DCMAKE_INSTALL_PREFIX=/home/meizan/workspace/athena-robot-dog/modules/message/ros2/install/perception_msgs
