[35m[1mScanning dependencies of target geometry_msgs_generate_messages_lisp[0m
[35m[1mScanning dependencies of target _perception_msgs_generate_messages_check_deps_ActionEntry[0m
[35m[1mScanning dependencies of target _perception_msgs_generate_messages_check_deps_DogState[0m
[35m[1mScanning dependencies of target _perception_msgs_generate_messages_check_deps_RecordBag[0m
[35m[1mScanning dependencies of target _perception_msgs_generate_messages_check_deps_AlarmEntry[0m
[35m[1mScanning dependencies of target _perception_msgs_generate_messages_check_deps_PercCmd[0m
[35m[1mScanning dependencies of target _perception_msgs_generate_messages_check_deps_PercReq[0m
[35m[1mScanning dependencies of target _perception_msgs_generate_messages_check_deps_TaskList[0m
[  0%] Built target geometry_msgs_generate_messages_lisp
[35m[1mScanning dependencies of target std_msgs_generate_messages_lisp[0m
[  0%] Built target std_msgs_generate_messages_lisp
[35m[1mScanning dependencies of target _perception_msgs_generate_messages_check_deps_PercState[0m
[  0%] Built target _perception_msgs_generate_messages_check_deps_PercCmd
[  0%] Built target _perception_msgs_generate_messages_check_deps_DogState
[  0%] Built target _perception_msgs_generate_messages_check_deps_AlarmEntry
[  0%] Built target _perception_msgs_generate_messages_check_deps_RecordBag
[  0%] Built target _perception_msgs_generate_messages_check_deps_ActionEntry
[  0%] Built target _perception_msgs_generate_messages_check_deps_PercReq
[35m[1mScanning dependencies of target std_msgs_generate_messages_eus[0m
[35m[1mScanning dependencies of target std_msgs_generate_messages_py[0m
[35m[1mScanning dependencies of target geometry_msgs_generate_messages_py[0m
[  0%] Built target _perception_msgs_generate_messages_check_deps_TaskList
[35m[1mScanning dependencies of target geometry_msgs_generate_messages_cpp[0m
[35m[1mScanning dependencies of target std_msgs_generate_messages_cpp[0m
[35m[1mScanning dependencies of target geometry_msgs_generate_messages_eus[0m
[  0%] Built target std_msgs_generate_messages_eus
[  0%] Built target std_msgs_generate_messages_py
[  0%] Built target geometry_msgs_generate_messages_py
[  0%] Built target std_msgs_generate_messages_cpp
[  0%] Built target geometry_msgs_generate_messages_eus
[  0%] Built target geometry_msgs_generate_messages_cpp
[35m[1mScanning dependencies of target geometry_msgs_generate_messages_nodejs[0m
[35m[1mScanning dependencies of target std_msgs_generate_messages_nodejs[0m
[  0%] Built target geometry_msgs_generate_messages_nodejs
[  0%] Built target std_msgs_generate_messages_nodejs
[  0%] Built target _perception_msgs_generate_messages_check_deps_PercState
[35m[1mScanning dependencies of target perception_msgs_generate_messages_cpp[0m
[35m[1mScanning dependencies of target perception_msgs_generate_messages_lisp[0m
[35m[1mScanning dependencies of target perception_msgs_generate_messages_eus[0m
[35m[1mScanning dependencies of target perception_msgs_generate_messages_nodejs[0m
[35m[1mScanning dependencies of target perception_msgs_generate_messages_py[0m
[  2%] [34m[1mGenerating EusLisp code from perception_msgs/PercState.msg[0m
[  6%] [34m[1mGenerating EusLisp code from perception_msgs/PercReq.msg[0m
[  6%] [34m[1mGenerating Lisp code from perception_msgs/PercCmd.msg[0m
[  9%] [34m[1mGenerating C++ code from perception_msgs/PercCmd.msg[0m
[ 11%] [34m[1mGenerating Lisp code from perception_msgs/PercState.msg[0m
[ 13%] [34m[1mGenerating EusLisp code from perception_msgs/PercCmd.msg[0m
[ 16%] [34m[1mGenerating Javascript code from perception_msgs/PercCmd.msg[0m
[ 18%] [34m[1mGenerating Python from MSG perception_msgs/PercCmd[0m
[ 20%] [34m[1mGenerating EusLisp code from perception_msgs/TaskList.msg[0m
[ 23%] [34m[1mGenerating Lisp code from perception_msgs/PercReq.msg[0m
[ 25%] [34m[1mGenerating Javascript code from perception_msgs/PercState.msg[0m
[ 27%] [34m[1mGenerating Lisp code from perception_msgs/TaskList.msg[0m
[ 30%] [34m[1mGenerating Lisp code from perception_msgs/ActionEntry.msg[0m
[ 32%] [34m[1mGenerating Lisp code from perception_msgs/AlarmEntry.msg[0m
[ 34%] [34m[1mGenerating Javascript code from perception_msgs/PercReq.msg[0m
[ 37%] [34m[1mGenerating C++ code from perception_msgs/PercState.msg[0m
[ 39%] [34m[1mGenerating C++ code from perception_msgs/PercReq.msg[0m
[ 41%] [34m[1mGenerating Python from MSG perception_msgs/PercState[0m
[ 44%] [34m[1mGenerating EusLisp code from perception_msgs/ActionEntry.msg[0m
[ 46%] [34m[1mGenerating Lisp code from perception_msgs/DogState.msg[0m
[ 48%] [34m[1mGenerating Python from MSG perception_msgs/PercReq[0m
[ 51%] [34m[1mGenerating Javascript code from perception_msgs/TaskList.msg[0m
[ 53%] [34m[1mGenerating Python from MSG perception_msgs/TaskList[0m
[ 55%] [34m[1mGenerating Lisp code from perception_msgs/RecordBag.srv[0m
[ 58%] [34m[1mGenerating Javascript code from perception_msgs/ActionEntry.msg[0m
[ 60%] [34m[1mGenerating EusLisp code from perception_msgs/AlarmEntry.msg[0m
[ 62%] [34m[1mGenerating C++ code from perception_msgs/TaskList.msg[0m
[ 62%] Built target perception_msgs_generate_messages_lisp
[ 65%] [34m[1mGenerating C++ code from perception_msgs/ActionEntry.msg[0m
[ 67%] [34m[1mGenerating C++ code from perception_msgs/AlarmEntry.msg[0m
[ 69%] [34m[1mGenerating Javascript code from perception_msgs/AlarmEntry.msg[0m
[ 72%] [34m[1mGenerating Python from MSG perception_msgs/ActionEntry[0m
[ 74%] [34m[1mGenerating EusLisp code from perception_msgs/DogState.msg[0m
[ 76%] [34m[1mGenerating Python from MSG perception_msgs/AlarmEntry[0m
[ 79%] [34m[1mGenerating Javascript code from perception_msgs/DogState.msg[0m
[ 81%] [34m[1mGenerating C++ code from perception_msgs/DogState.msg[0m
[ 83%] [34m[1mGenerating C++ code from perception_msgs/RecordBag.srv[0m
[ 86%] [34m[1mGenerating Python from MSG perception_msgs/DogState[0m
[ 88%] [34m[1mGenerating Javascript code from perception_msgs/RecordBag.srv[0m
[ 90%] [34m[1mGenerating EusLisp code from perception_msgs/RecordBag.srv[0m
[ 93%] [34m[1mGenerating EusLisp manifest code for perception_msgs[0m
[ 93%] Built target perception_msgs_generate_messages_nodejs
[ 95%] [34m[1mGenerating Python code from SRV perception_msgs/RecordBag[0m
[ 95%] Built target perception_msgs_generate_messages_cpp
[100%] [34m[1mGenerating Python srv __init__.py for perception_msgs[0m
[100%] [34m[1mGenerating Python msg __init__.py for perception_msgs[0m
[100%] Built target perception_msgs_generate_messages_eus
[100%] Built target perception_msgs_generate_messages_py
[35m[1mScanning dependencies of target perception_msgs_generate_messages[0m
[100%] Built target perception_msgs_generate_messages
