Symlinking /home/meizan/workspace/athena-robot-dog/modules/message/ros/devel/share/roseus/ros/perception_msgs/manifest.l
Symlinking /home/meizan/workspace/athena-robot-dog/modules/message/ros/devel/share/roseus/ros/perception_msgs/msg/PercCmd.l
Symlinking /home/meizan/workspace/athena-robot-dog/modules/message/ros/devel/share/roseus/ros/perception_msgs/msg/ActionEntry.l
Symlinking /home/meizan/workspace/athena-robot-dog/modules/message/ros/devel/share/roseus/ros/perception_msgs/msg/TaskList.l
Symlinking /home/meizan/workspace/athena-robot-dog/modules/message/ros/devel/share/roseus/ros/perception_msgs/msg/AlarmEntry.l
Symlinking /home/meizan/workspace/athena-robot-dog/modules/message/ros/devel/share/roseus/ros/perception_msgs/msg/PercState.l
Symlinking /home/meizan/workspace/athena-robot-dog/modules/message/ros/devel/share/roseus/ros/perception_msgs/msg/DogState.l
Symlinking /home/meizan/workspace/athena-robot-dog/modules/message/ros/devel/share/roseus/ros/perception_msgs/msg/PercReq.l
Symlinking /home/meizan/workspace/athena-robot-dog/modules/message/ros/devel/share/roseus/ros/perception_msgs/srv/DogRecordBag.l
Symlinking /home/meizan/workspace/athena-robot-dog/modules/message/ros/devel/share/perception_msgs/cmake/perception_msgsConfig.cmake
Symlinking /home/meizan/workspace/athena-robot-dog/modules/message/ros/devel/share/perception_msgs/cmake/perception_msgs-msg-extras.cmake
Symlinking /home/meizan/workspace/athena-robot-dog/modules/message/ros/devel/share/perception_msgs/cmake/perception_msgs-msg-paths.cmake
Symlinking /home/meizan/workspace/athena-robot-dog/modules/message/ros/devel/share/perception_msgs/cmake/perception_msgsConfig-version.cmake
Symlinking /home/meizan/workspace/athena-robot-dog/modules/message/ros/devel/share/common-lisp/ros/perception_msgs/msg/PercCmd.lisp
Symlinking /home/meizan/workspace/athena-robot-dog/modules/message/ros/devel/share/common-lisp/ros/perception_msgs/msg/PercReq.lisp
Symlinking /home/meizan/workspace/athena-robot-dog/modules/message/ros/devel/share/common-lisp/ros/perception_msgs/msg/AlarmEntry.lisp
Symlinking /home/meizan/workspace/athena-robot-dog/modules/message/ros/devel/share/common-lisp/ros/perception_msgs/msg/_package_AlarmEntry.lisp
Symlinking /home/meizan/workspace/athena-robot-dog/modules/message/ros/devel/share/common-lisp/ros/perception_msgs/msg/perception_msgs-msg.asd
Symlinking /home/meizan/workspace/athena-robot-dog/modules/message/ros/devel/share/common-lisp/ros/perception_msgs/msg/_package_ActionEntry.lisp
Symlinking /home/meizan/workspace/athena-robot-dog/modules/message/ros/devel/share/common-lisp/ros/perception_msgs/msg/ActionEntry.lisp
Symlinking /home/meizan/workspace/athena-robot-dog/modules/message/ros/devel/share/common-lisp/ros/perception_msgs/msg/TaskList.lisp
Symlinking /home/meizan/workspace/athena-robot-dog/modules/message/ros/devel/share/common-lisp/ros/perception_msgs/msg/_package.lisp
Symlinking /home/meizan/workspace/athena-robot-dog/modules/message/ros/devel/share/common-lisp/ros/perception_msgs/msg/DogState.lisp
Symlinking /home/meizan/workspace/athena-robot-dog/modules/message/ros/devel/share/common-lisp/ros/perception_msgs/msg/_package_TaskList.lisp
Symlinking /home/meizan/workspace/athena-robot-dog/modules/message/ros/devel/share/common-lisp/ros/perception_msgs/msg/PercState.lisp
Symlinking /home/meizan/workspace/athena-robot-dog/modules/message/ros/devel/share/common-lisp/ros/perception_msgs/msg/_package_PercState.lisp
Symlinking /home/meizan/workspace/athena-robot-dog/modules/message/ros/devel/share/common-lisp/ros/perception_msgs/msg/_package_PercCmd.lisp
Symlinking /home/meizan/workspace/athena-robot-dog/modules/message/ros/devel/share/common-lisp/ros/perception_msgs/msg/_package_PercReq.lisp
Symlinking /home/meizan/workspace/athena-robot-dog/modules/message/ros/devel/share/common-lisp/ros/perception_msgs/msg/_package_DogState.lisp
Symlinking /home/meizan/workspace/athena-robot-dog/modules/message/ros/devel/share/common-lisp/ros/perception_msgs/srv/_package_DogRecordBag.lisp
Symlinking /home/meizan/workspace/athena-robot-dog/modules/message/ros/devel/share/common-lisp/ros/perception_msgs/srv/_package.lisp
Symlinking /home/meizan/workspace/athena-robot-dog/modules/message/ros/devel/share/common-lisp/ros/perception_msgs/srv/perception_msgs-srv.asd
Symlinking /home/meizan/workspace/athena-robot-dog/modules/message/ros/devel/share/common-lisp/ros/perception_msgs/srv/DogRecordBag.lisp
Symlinking /home/meizan/workspace/athena-robot-dog/modules/message/ros/devel/share/gennodejs/ros/perception_msgs/_index.js
Symlinking /home/meizan/workspace/athena-robot-dog/modules/message/ros/devel/share/gennodejs/ros/perception_msgs/msg/AlarmEntry.js
Symlinking /home/meizan/workspace/athena-robot-dog/modules/message/ros/devel/share/gennodejs/ros/perception_msgs/msg/_index.js
Symlinking /home/meizan/workspace/athena-robot-dog/modules/message/ros/devel/share/gennodejs/ros/perception_msgs/msg/PercReq.js
Symlinking /home/meizan/workspace/athena-robot-dog/modules/message/ros/devel/share/gennodejs/ros/perception_msgs/msg/PercState.js
Symlinking /home/meizan/workspace/athena-robot-dog/modules/message/ros/devel/share/gennodejs/ros/perception_msgs/msg/PercCmd.js
Symlinking /home/meizan/workspace/athena-robot-dog/modules/message/ros/devel/share/gennodejs/ros/perception_msgs/msg/ActionEntry.js
Symlinking /home/meizan/workspace/athena-robot-dog/modules/message/ros/devel/share/gennodejs/ros/perception_msgs/msg/TaskList.js
Symlinking /home/meizan/workspace/athena-robot-dog/modules/message/ros/devel/share/gennodejs/ros/perception_msgs/msg/DogState.js
Symlinking /home/meizan/workspace/athena-robot-dog/modules/message/ros/devel/share/gennodejs/ros/perception_msgs/srv/_index.js
Symlinking /home/meizan/workspace/athena-robot-dog/modules/message/ros/devel/share/gennodejs/ros/perception_msgs/srv/DogRecordBag.js
Symlinking /home/meizan/workspace/athena-robot-dog/modules/message/ros/devel/include/perception_msgs/DogRecordBag.h
Symlinking /home/meizan/workspace/athena-robot-dog/modules/message/ros/devel/include/perception_msgs/DogRecordBagRequest.h
Symlinking /home/meizan/workspace/athena-robot-dog/modules/message/ros/devel/include/perception_msgs/DogState.h
Symlinking /home/meizan/workspace/athena-robot-dog/modules/message/ros/devel/include/perception_msgs/ActionEntry.h
Symlinking /home/meizan/workspace/athena-robot-dog/modules/message/ros/devel/include/perception_msgs/AlarmEntry.h
Symlinking /home/meizan/workspace/athena-robot-dog/modules/message/ros/devel/include/perception_msgs/PercReq.h
Symlinking /home/meizan/workspace/athena-robot-dog/modules/message/ros/devel/include/perception_msgs/DogRecordBagResponse.h
Symlinking /home/meizan/workspace/athena-robot-dog/modules/message/ros/devel/include/perception_msgs/TaskList.h
Symlinking /home/meizan/workspace/athena-robot-dog/modules/message/ros/devel/include/perception_msgs/PercState.h
Symlinking /home/meizan/workspace/athena-robot-dog/modules/message/ros/devel/include/perception_msgs/PercCmd.h
Symlinking /home/meizan/workspace/athena-robot-dog/modules/message/ros/devel/lib/python3/dist-packages/perception_msgs/__init__.py
Symlinking /home/meizan/workspace/athena-robot-dog/modules/message/ros/devel/lib/python3/dist-packages/perception_msgs/msg/_ActionEntry.py
Symlinking /home/meizan/workspace/athena-robot-dog/modules/message/ros/devel/lib/python3/dist-packages/perception_msgs/msg/_TaskList.py
Symlinking /home/meizan/workspace/athena-robot-dog/modules/message/ros/devel/lib/python3/dist-packages/perception_msgs/msg/__init__.py
Symlinking /home/meizan/workspace/athena-robot-dog/modules/message/ros/devel/lib/python3/dist-packages/perception_msgs/msg/_DogState.py
Symlinking /home/meizan/workspace/athena-robot-dog/modules/message/ros/devel/lib/python3/dist-packages/perception_msgs/msg/_PercCmd.py
Symlinking /home/meizan/workspace/athena-robot-dog/modules/message/ros/devel/lib/python3/dist-packages/perception_msgs/msg/_PercState.py
Symlinking /home/meizan/workspace/athena-robot-dog/modules/message/ros/devel/lib/python3/dist-packages/perception_msgs/msg/_PercReq.py
Symlinking /home/meizan/workspace/athena-robot-dog/modules/message/ros/devel/lib/python3/dist-packages/perception_msgs/msg/_AlarmEntry.py
Symlinking /home/meizan/workspace/athena-robot-dog/modules/message/ros/devel/lib/python3/dist-packages/perception_msgs/srv/_DogRecordBag.py
Symlinking /home/meizan/workspace/athena-robot-dog/modules/message/ros/devel/lib/python3/dist-packages/perception_msgs/srv/__init__.py
Symlinking /home/meizan/workspace/athena-robot-dog/modules/message/ros/devel/lib/pkgconfig/perception_msgs.pc
