[  0%] Built target geometry_msgs_generate_messages_py
[  0%] Built target std_msgs_generate_messages_py
[  0%] Built target _perception_msgs_generate_messages_check_deps_PercState
[  0%] Built target _perception_msgs_generate_messages_check_deps_PercCmd
[  0%] Built target _perception_msgs_generate_messages_check_deps_PercReq
[  0%] Built target _perception_msgs_generate_messages_check_deps_DogRecordBag
[  0%] Built target std_msgs_generate_messages_cpp
[  0%] Built target _perception_msgs_generate_messages_check_deps_TaskList
[  0%] Built target geometry_msgs_generate_messages_cpp
[  0%] Built target _perception_msgs_generate_messages_check_deps_ActionEntry
[  0%] Built target std_msgs_generate_messages_eus
[  0%] Built target geometry_msgs_generate_messages_eus
[  0%] Built target std_msgs_generate_messages_lisp
[  0%] Built target geometry_msgs_generate_messages_lisp
[  0%] Built target std_msgs_generate_messages_nodejs
[  0%] Built target geometry_msgs_generate_messages_nodejs
[  0%] Built target _perception_msgs_generate_messages_check_deps_AlarmEntry
[  0%] Built target _perception_msgs_generate_messages_check_deps_DogState
[ 18%] Built target perception_msgs_generate_messages_cpp
[ 41%] Built target perception_msgs_generate_messages_py
[ 62%] Built target perception_msgs_generate_messages_eus
[ 81%] Built target perception_msgs_generate_messages_nodejs
[100%] Built target perception_msgs_generate_messages_lisp
[100%] Built target perception_msgs_generate_messages
