Linked: (/home/meizan/workspace/athena-robot-dog/modules/message/ros/devel/.private/perception_msgs/share/roseus/ros/perception_msgs/manifest.l, /home/meizan/workspace/athena-robot-dog/modules/message/ros/devel/share/roseus/ros/perception_msgs/manifest.l)
Linked: (/home/meizan/workspace/athena-robot-dog/modules/message/ros/devel/.private/perception_msgs/share/roseus/ros/perception_msgs/msg/PercCmd.l, /home/meizan/workspace/athena-robot-dog/modules/message/ros/devel/share/roseus/ros/perception_msgs/msg/PercCmd.l)
Linked: (/home/meizan/workspace/athena-robot-dog/modules/message/ros/devel/.private/perception_msgs/share/roseus/ros/perception_msgs/msg/ActionEntry.l, /home/meizan/workspace/athena-robot-dog/modules/message/ros/devel/share/roseus/ros/perception_msgs/msg/ActionEntry.l)
Linked: (/home/meizan/workspace/athena-robot-dog/modules/message/ros/devel/.private/perception_msgs/share/roseus/ros/perception_msgs/msg/TaskList.l, /home/meizan/workspace/athena-robot-dog/modules/message/ros/devel/share/roseus/ros/perception_msgs/msg/TaskList.l)
Linked: (/home/meizan/workspace/athena-robot-dog/modules/message/ros/devel/.private/perception_msgs/share/roseus/ros/perception_msgs/msg/AlarmEntry.l, /home/meizan/workspace/athena-robot-dog/modules/message/ros/devel/share/roseus/ros/perception_msgs/msg/AlarmEntry.l)
Linked: (/home/meizan/workspace/athena-robot-dog/modules/message/ros/devel/.private/perception_msgs/share/roseus/ros/perception_msgs/msg/PercState.l, /home/meizan/workspace/athena-robot-dog/modules/message/ros/devel/share/roseus/ros/perception_msgs/msg/PercState.l)
Linked: (/home/meizan/workspace/athena-robot-dog/modules/message/ros/devel/.private/perception_msgs/share/roseus/ros/perception_msgs/msg/DogState.l, /home/meizan/workspace/athena-robot-dog/modules/message/ros/devel/share/roseus/ros/perception_msgs/msg/DogState.l)
Linked: (/home/meizan/workspace/athena-robot-dog/modules/message/ros/devel/.private/perception_msgs/share/roseus/ros/perception_msgs/msg/PercReq.l, /home/meizan/workspace/athena-robot-dog/modules/message/ros/devel/share/roseus/ros/perception_msgs/msg/PercReq.l)
Linked: (/home/meizan/workspace/athena-robot-dog/modules/message/ros/devel/.private/perception_msgs/share/roseus/ros/perception_msgs/srv/DogRecordBag.l, /home/meizan/workspace/athena-robot-dog/modules/message/ros/devel/share/roseus/ros/perception_msgs/srv/DogRecordBag.l)
Linked: (/home/meizan/workspace/athena-robot-dog/modules/message/ros/devel/.private/perception_msgs/share/perception_msgs/cmake/perception_msgsConfig.cmake, /home/meizan/workspace/athena-robot-dog/modules/message/ros/devel/share/perception_msgs/cmake/perception_msgsConfig.cmake)
Linked: (/home/meizan/workspace/athena-robot-dog/modules/message/ros/devel/.private/perception_msgs/share/perception_msgs/cmake/perception_msgs-msg-extras.cmake, /home/meizan/workspace/athena-robot-dog/modules/message/ros/devel/share/perception_msgs/cmake/perception_msgs-msg-extras.cmake)
Linked: (/home/meizan/workspace/athena-robot-dog/modules/message/ros/devel/.private/perception_msgs/share/perception_msgs/cmake/perception_msgs-msg-paths.cmake, /home/meizan/workspace/athena-robot-dog/modules/message/ros/devel/share/perception_msgs/cmake/perception_msgs-msg-paths.cmake)
Linked: (/home/meizan/workspace/athena-robot-dog/modules/message/ros/devel/.private/perception_msgs/share/perception_msgs/cmake/perception_msgsConfig-version.cmake, /home/meizan/workspace/athena-robot-dog/modules/message/ros/devel/share/perception_msgs/cmake/perception_msgsConfig-version.cmake)
Linked: (/home/meizan/workspace/athena-robot-dog/modules/message/ros/devel/.private/perception_msgs/share/common-lisp/ros/perception_msgs/msg/PercCmd.lisp, /home/meizan/workspace/athena-robot-dog/modules/message/ros/devel/share/common-lisp/ros/perception_msgs/msg/PercCmd.lisp)
Linked: (/home/meizan/workspace/athena-robot-dog/modules/message/ros/devel/.private/perception_msgs/share/common-lisp/ros/perception_msgs/msg/PercReq.lisp, /home/meizan/workspace/athena-robot-dog/modules/message/ros/devel/share/common-lisp/ros/perception_msgs/msg/PercReq.lisp)
Linked: (/home/meizan/workspace/athena-robot-dog/modules/message/ros/devel/.private/perception_msgs/share/common-lisp/ros/perception_msgs/msg/AlarmEntry.lisp, /home/meizan/workspace/athena-robot-dog/modules/message/ros/devel/share/common-lisp/ros/perception_msgs/msg/AlarmEntry.lisp)
Linked: (/home/meizan/workspace/athena-robot-dog/modules/message/ros/devel/.private/perception_msgs/share/common-lisp/ros/perception_msgs/msg/_package_AlarmEntry.lisp, /home/meizan/workspace/athena-robot-dog/modules/message/ros/devel/share/common-lisp/ros/perception_msgs/msg/_package_AlarmEntry.lisp)
Linked: (/home/meizan/workspace/athena-robot-dog/modules/message/ros/devel/.private/perception_msgs/share/common-lisp/ros/perception_msgs/msg/perception_msgs-msg.asd, /home/meizan/workspace/athena-robot-dog/modules/message/ros/devel/share/common-lisp/ros/perception_msgs/msg/perception_msgs-msg.asd)
Linked: (/home/meizan/workspace/athena-robot-dog/modules/message/ros/devel/.private/perception_msgs/share/common-lisp/ros/perception_msgs/msg/_package_ActionEntry.lisp, /home/meizan/workspace/athena-robot-dog/modules/message/ros/devel/share/common-lisp/ros/perception_msgs/msg/_package_ActionEntry.lisp)
Linked: (/home/meizan/workspace/athena-robot-dog/modules/message/ros/devel/.private/perception_msgs/share/common-lisp/ros/perception_msgs/msg/ActionEntry.lisp, /home/meizan/workspace/athena-robot-dog/modules/message/ros/devel/share/common-lisp/ros/perception_msgs/msg/ActionEntry.lisp)
Linked: (/home/meizan/workspace/athena-robot-dog/modules/message/ros/devel/.private/perception_msgs/share/common-lisp/ros/perception_msgs/msg/TaskList.lisp, /home/meizan/workspace/athena-robot-dog/modules/message/ros/devel/share/common-lisp/ros/perception_msgs/msg/TaskList.lisp)
Linked: (/home/meizan/workspace/athena-robot-dog/modules/message/ros/devel/.private/perception_msgs/share/common-lisp/ros/perception_msgs/msg/_package.lisp, /home/meizan/workspace/athena-robot-dog/modules/message/ros/devel/share/common-lisp/ros/perception_msgs/msg/_package.lisp)
Linked: (/home/meizan/workspace/athena-robot-dog/modules/message/ros/devel/.private/perception_msgs/share/common-lisp/ros/perception_msgs/msg/DogState.lisp, /home/meizan/workspace/athena-robot-dog/modules/message/ros/devel/share/common-lisp/ros/perception_msgs/msg/DogState.lisp)
Linked: (/home/meizan/workspace/athena-robot-dog/modules/message/ros/devel/.private/perception_msgs/share/common-lisp/ros/perception_msgs/msg/_package_TaskList.lisp, /home/meizan/workspace/athena-robot-dog/modules/message/ros/devel/share/common-lisp/ros/perception_msgs/msg/_package_TaskList.lisp)
Linked: (/home/meizan/workspace/athena-robot-dog/modules/message/ros/devel/.private/perception_msgs/share/common-lisp/ros/perception_msgs/msg/PercState.lisp, /home/meizan/workspace/athena-robot-dog/modules/message/ros/devel/share/common-lisp/ros/perception_msgs/msg/PercState.lisp)
Linked: (/home/meizan/workspace/athena-robot-dog/modules/message/ros/devel/.private/perception_msgs/share/common-lisp/ros/perception_msgs/msg/_package_PercState.lisp, /home/meizan/workspace/athena-robot-dog/modules/message/ros/devel/share/common-lisp/ros/perception_msgs/msg/_package_PercState.lisp)
Linked: (/home/meizan/workspace/athena-robot-dog/modules/message/ros/devel/.private/perception_msgs/share/common-lisp/ros/perception_msgs/msg/_package_PercCmd.lisp, /home/meizan/workspace/athena-robot-dog/modules/message/ros/devel/share/common-lisp/ros/perception_msgs/msg/_package_PercCmd.lisp)
Linked: (/home/meizan/workspace/athena-robot-dog/modules/message/ros/devel/.private/perception_msgs/share/common-lisp/ros/perception_msgs/msg/_package_PercReq.lisp, /home/meizan/workspace/athena-robot-dog/modules/message/ros/devel/share/common-lisp/ros/perception_msgs/msg/_package_PercReq.lisp)
Linked: (/home/meizan/workspace/athena-robot-dog/modules/message/ros/devel/.private/perception_msgs/share/common-lisp/ros/perception_msgs/msg/_package_DogState.lisp, /home/meizan/workspace/athena-robot-dog/modules/message/ros/devel/share/common-lisp/ros/perception_msgs/msg/_package_DogState.lisp)
Linked: (/home/meizan/workspace/athena-robot-dog/modules/message/ros/devel/.private/perception_msgs/share/common-lisp/ros/perception_msgs/srv/_package_DogRecordBag.lisp, /home/meizan/workspace/athena-robot-dog/modules/message/ros/devel/share/common-lisp/ros/perception_msgs/srv/_package_DogRecordBag.lisp)
Linked: (/home/meizan/workspace/athena-robot-dog/modules/message/ros/devel/.private/perception_msgs/share/common-lisp/ros/perception_msgs/srv/_package.lisp, /home/meizan/workspace/athena-robot-dog/modules/message/ros/devel/share/common-lisp/ros/perception_msgs/srv/_package.lisp)
Linked: (/home/meizan/workspace/athena-robot-dog/modules/message/ros/devel/.private/perception_msgs/share/common-lisp/ros/perception_msgs/srv/perception_msgs-srv.asd, /home/meizan/workspace/athena-robot-dog/modules/message/ros/devel/share/common-lisp/ros/perception_msgs/srv/perception_msgs-srv.asd)
Linked: (/home/meizan/workspace/athena-robot-dog/modules/message/ros/devel/.private/perception_msgs/share/common-lisp/ros/perception_msgs/srv/DogRecordBag.lisp, /home/meizan/workspace/athena-robot-dog/modules/message/ros/devel/share/common-lisp/ros/perception_msgs/srv/DogRecordBag.lisp)
Linked: (/home/meizan/workspace/athena-robot-dog/modules/message/ros/devel/.private/perception_msgs/share/gennodejs/ros/perception_msgs/_index.js, /home/meizan/workspace/athena-robot-dog/modules/message/ros/devel/share/gennodejs/ros/perception_msgs/_index.js)
Linked: (/home/meizan/workspace/athena-robot-dog/modules/message/ros/devel/.private/perception_msgs/share/gennodejs/ros/perception_msgs/msg/AlarmEntry.js, /home/meizan/workspace/athena-robot-dog/modules/message/ros/devel/share/gennodejs/ros/perception_msgs/msg/AlarmEntry.js)
Linked: (/home/meizan/workspace/athena-robot-dog/modules/message/ros/devel/.private/perception_msgs/share/gennodejs/ros/perception_msgs/msg/_index.js, /home/meizan/workspace/athena-robot-dog/modules/message/ros/devel/share/gennodejs/ros/perception_msgs/msg/_index.js)
Linked: (/home/meizan/workspace/athena-robot-dog/modules/message/ros/devel/.private/perception_msgs/share/gennodejs/ros/perception_msgs/msg/PercReq.js, /home/meizan/workspace/athena-robot-dog/modules/message/ros/devel/share/gennodejs/ros/perception_msgs/msg/PercReq.js)
Linked: (/home/meizan/workspace/athena-robot-dog/modules/message/ros/devel/.private/perception_msgs/share/gennodejs/ros/perception_msgs/msg/PercState.js, /home/meizan/workspace/athena-robot-dog/modules/message/ros/devel/share/gennodejs/ros/perception_msgs/msg/PercState.js)
Linked: (/home/meizan/workspace/athena-robot-dog/modules/message/ros/devel/.private/perception_msgs/share/gennodejs/ros/perception_msgs/msg/PercCmd.js, /home/meizan/workspace/athena-robot-dog/modules/message/ros/devel/share/gennodejs/ros/perception_msgs/msg/PercCmd.js)
Linked: (/home/meizan/workspace/athena-robot-dog/modules/message/ros/devel/.private/perception_msgs/share/gennodejs/ros/perception_msgs/msg/ActionEntry.js, /home/meizan/workspace/athena-robot-dog/modules/message/ros/devel/share/gennodejs/ros/perception_msgs/msg/ActionEntry.js)
Linked: (/home/meizan/workspace/athena-robot-dog/modules/message/ros/devel/.private/perception_msgs/share/gennodejs/ros/perception_msgs/msg/TaskList.js, /home/meizan/workspace/athena-robot-dog/modules/message/ros/devel/share/gennodejs/ros/perception_msgs/msg/TaskList.js)
Linked: (/home/meizan/workspace/athena-robot-dog/modules/message/ros/devel/.private/perception_msgs/share/gennodejs/ros/perception_msgs/msg/DogState.js, /home/meizan/workspace/athena-robot-dog/modules/message/ros/devel/share/gennodejs/ros/perception_msgs/msg/DogState.js)
Linked: (/home/meizan/workspace/athena-robot-dog/modules/message/ros/devel/.private/perception_msgs/share/gennodejs/ros/perception_msgs/srv/_index.js, /home/meizan/workspace/athena-robot-dog/modules/message/ros/devel/share/gennodejs/ros/perception_msgs/srv/_index.js)
Linked: (/home/meizan/workspace/athena-robot-dog/modules/message/ros/devel/.private/perception_msgs/share/gennodejs/ros/perception_msgs/srv/DogRecordBag.js, /home/meizan/workspace/athena-robot-dog/modules/message/ros/devel/share/gennodejs/ros/perception_msgs/srv/DogRecordBag.js)
Linked: (/home/meizan/workspace/athena-robot-dog/modules/message/ros/devel/.private/perception_msgs/include/perception_msgs/DogRecordBag.h, /home/meizan/workspace/athena-robot-dog/modules/message/ros/devel/include/perception_msgs/DogRecordBag.h)
Linked: (/home/meizan/workspace/athena-robot-dog/modules/message/ros/devel/.private/perception_msgs/include/perception_msgs/DogRecordBagRequest.h, /home/meizan/workspace/athena-robot-dog/modules/message/ros/devel/include/perception_msgs/DogRecordBagRequest.h)
Linked: (/home/meizan/workspace/athena-robot-dog/modules/message/ros/devel/.private/perception_msgs/include/perception_msgs/DogState.h, /home/meizan/workspace/athena-robot-dog/modules/message/ros/devel/include/perception_msgs/DogState.h)
Linked: (/home/meizan/workspace/athena-robot-dog/modules/message/ros/devel/.private/perception_msgs/include/perception_msgs/ActionEntry.h, /home/meizan/workspace/athena-robot-dog/modules/message/ros/devel/include/perception_msgs/ActionEntry.h)
Linked: (/home/meizan/workspace/athena-robot-dog/modules/message/ros/devel/.private/perception_msgs/include/perception_msgs/AlarmEntry.h, /home/meizan/workspace/athena-robot-dog/modules/message/ros/devel/include/perception_msgs/AlarmEntry.h)
Linked: (/home/meizan/workspace/athena-robot-dog/modules/message/ros/devel/.private/perception_msgs/include/perception_msgs/PercReq.h, /home/meizan/workspace/athena-robot-dog/modules/message/ros/devel/include/perception_msgs/PercReq.h)
Linked: (/home/meizan/workspace/athena-robot-dog/modules/message/ros/devel/.private/perception_msgs/include/perception_msgs/DogRecordBagResponse.h, /home/meizan/workspace/athena-robot-dog/modules/message/ros/devel/include/perception_msgs/DogRecordBagResponse.h)
Linked: (/home/meizan/workspace/athena-robot-dog/modules/message/ros/devel/.private/perception_msgs/include/perception_msgs/TaskList.h, /home/meizan/workspace/athena-robot-dog/modules/message/ros/devel/include/perception_msgs/TaskList.h)
Linked: (/home/meizan/workspace/athena-robot-dog/modules/message/ros/devel/.private/perception_msgs/include/perception_msgs/PercState.h, /home/meizan/workspace/athena-robot-dog/modules/message/ros/devel/include/perception_msgs/PercState.h)
Linked: (/home/meizan/workspace/athena-robot-dog/modules/message/ros/devel/.private/perception_msgs/include/perception_msgs/PercCmd.h, /home/meizan/workspace/athena-robot-dog/modules/message/ros/devel/include/perception_msgs/PercCmd.h)
Linked: (/home/meizan/workspace/athena-robot-dog/modules/message/ros/devel/.private/perception_msgs/lib/python3/dist-packages/perception_msgs/__init__.py, /home/meizan/workspace/athena-robot-dog/modules/message/ros/devel/lib/python3/dist-packages/perception_msgs/__init__.py)
Linked: (/home/meizan/workspace/athena-robot-dog/modules/message/ros/devel/.private/perception_msgs/lib/python3/dist-packages/perception_msgs/msg/_ActionEntry.py, /home/meizan/workspace/athena-robot-dog/modules/message/ros/devel/lib/python3/dist-packages/perception_msgs/msg/_ActionEntry.py)
Linked: (/home/meizan/workspace/athena-robot-dog/modules/message/ros/devel/.private/perception_msgs/lib/python3/dist-packages/perception_msgs/msg/_TaskList.py, /home/meizan/workspace/athena-robot-dog/modules/message/ros/devel/lib/python3/dist-packages/perception_msgs/msg/_TaskList.py)
Linked: (/home/meizan/workspace/athena-robot-dog/modules/message/ros/devel/.private/perception_msgs/lib/python3/dist-packages/perception_msgs/msg/__init__.py, /home/meizan/workspace/athena-robot-dog/modules/message/ros/devel/lib/python3/dist-packages/perception_msgs/msg/__init__.py)
Linked: (/home/meizan/workspace/athena-robot-dog/modules/message/ros/devel/.private/perception_msgs/lib/python3/dist-packages/perception_msgs/msg/_DogState.py, /home/meizan/workspace/athena-robot-dog/modules/message/ros/devel/lib/python3/dist-packages/perception_msgs/msg/_DogState.py)
Linked: (/home/meizan/workspace/athena-robot-dog/modules/message/ros/devel/.private/perception_msgs/lib/python3/dist-packages/perception_msgs/msg/_PercCmd.py, /home/meizan/workspace/athena-robot-dog/modules/message/ros/devel/lib/python3/dist-packages/perception_msgs/msg/_PercCmd.py)
Linked: (/home/meizan/workspace/athena-robot-dog/modules/message/ros/devel/.private/perception_msgs/lib/python3/dist-packages/perception_msgs/msg/_PercState.py, /home/meizan/workspace/athena-robot-dog/modules/message/ros/devel/lib/python3/dist-packages/perception_msgs/msg/_PercState.py)
Linked: (/home/meizan/workspace/athena-robot-dog/modules/message/ros/devel/.private/perception_msgs/lib/python3/dist-packages/perception_msgs/msg/_PercReq.py, /home/meizan/workspace/athena-robot-dog/modules/message/ros/devel/lib/python3/dist-packages/perception_msgs/msg/_PercReq.py)
Linked: (/home/meizan/workspace/athena-robot-dog/modules/message/ros/devel/.private/perception_msgs/lib/python3/dist-packages/perception_msgs/msg/_AlarmEntry.py, /home/meizan/workspace/athena-robot-dog/modules/message/ros/devel/lib/python3/dist-packages/perception_msgs/msg/_AlarmEntry.py)
Linked: (/home/meizan/workspace/athena-robot-dog/modules/message/ros/devel/.private/perception_msgs/lib/python3/dist-packages/perception_msgs/srv/_DogRecordBag.py, /home/meizan/workspace/athena-robot-dog/modules/message/ros/devel/lib/python3/dist-packages/perception_msgs/srv/_DogRecordBag.py)
Linked: (/home/meizan/workspace/athena-robot-dog/modules/message/ros/devel/.private/perception_msgs/lib/python3/dist-packages/perception_msgs/srv/__init__.py, /home/meizan/workspace/athena-robot-dog/modules/message/ros/devel/lib/python3/dist-packages/perception_msgs/srv/__init__.py)
Linked: (/home/meizan/workspace/athena-robot-dog/modules/message/ros/devel/.private/perception_msgs/lib/pkgconfig/perception_msgs.pc, /home/meizan/workspace/athena-robot-dog/modules/message/ros/devel/lib/pkgconfig/perception_msgs.pc)
