[35m[1mScanning dependencies of target _perception_msgs_generate_messages_check_deps_PercCmd[0m
[35m[1mScanning dependencies of target _perception_msgs_generate_messages_check_deps_PercReq[0m
[35m[1mScanning dependencies of target _perception_msgs_generate_messages_check_deps_AlarmEntry[0m
[35m[1mScanning dependencies of target _perception_msgs_generate_messages_check_deps_TaskList[0m
[35m[1mScanning dependencies of target _perception_msgs_generate_messages_check_deps_ActionEntry[0m
[35m[1mScanning dependencies of target _perception_msgs_generate_messages_check_deps_DogState[0m
[35m[1mScanning dependencies of target geometry_msgs_generate_messages_lisp[0m
[  0%] Built target geometry_msgs_generate_messages_lisp
[  0%] Built target _perception_msgs_generate_messages_check_deps_AlarmEntry
[  0%] Built target _perception_msgs_generate_messages_check_deps_PercCmd
[  0%] Built target _perception_msgs_generate_messages_check_deps_TaskList
[35m[1mScanning dependencies of target std_msgs_generate_messages_lisp[0m
[  0%] Built target _perception_msgs_generate_messages_check_deps_PercReq
[35m[1mScanning dependencies of target geometry_msgs_generate_messages_py[0m
[35m[1mScanning dependencies of target std_msgs_generate_messages_py[0m
[  0%] Built target _perception_msgs_generate_messages_check_deps_ActionEntry
[  0%] Built target std_msgs_generate_messages_py
[  0%] Built target _perception_msgs_generate_messages_check_deps_DogState
[35m[1mScanning dependencies of target std_msgs_generate_messages_eus[0m
[  0%] Built target geometry_msgs_generate_messages_py
[35m[1mScanning dependencies of target _perception_msgs_generate_messages_check_deps_PercState[0m
[  0%] Built target std_msgs_generate_messages_lisp
[  0%] Built target std_msgs_generate_messages_eus
[35m[1mScanning dependencies of target geometry_msgs_generate_messages_cpp[0m
[35m[1mScanning dependencies of target std_msgs_generate_messages_cpp[0m
[35m[1mScanning dependencies of target geometry_msgs_generate_messages_nodejs[0m
[  0%] Built target geometry_msgs_generate_messages_cpp
[35m[1mScanning dependencies of target std_msgs_generate_messages_nodejs[0m
[  0%] Built target std_msgs_generate_messages_cpp
[35m[1mScanning dependencies of target geometry_msgs_generate_messages_eus[0m
[  0%] Built target geometry_msgs_generate_messages_nodejs
[  0%] Built target geometry_msgs_generate_messages_eus
[  0%] Built target std_msgs_generate_messages_nodejs
[  0%] Built target _perception_msgs_generate_messages_check_deps_PercState
[35m[1mScanning dependencies of target perception_msgs_generate_messages_eus[0m
[35m[1mScanning dependencies of target perception_msgs_generate_messages_cpp[0m
[35m[1mScanning dependencies of target perception_msgs_generate_messages_py[0m
[35m[1mScanning dependencies of target perception_msgs_generate_messages_lisp[0m
[35m[1mScanning dependencies of target perception_msgs_generate_messages_nodejs[0m
[  2%] [34m[1mGenerating EusLisp code from perception_msgs/PercState.msg[0m
[  5%] [34m[1mGenerating EusLisp code from perception_msgs/PercReq.msg[0m
[  8%] [34m[1mGenerating EusLisp code from perception_msgs/PercCmd.msg[0m
[ 10%] [34m[1mGenerating Lisp code from perception_msgs/PercCmd.msg[0m
[ 16%] [34m[1mGenerating Python from MSG perception_msgs/PercCmd[0m
[ 16%] [34m[1mGenerating C++ code from perception_msgs/PercCmd.msg[0m
[ 18%] [34m[1mGenerating Javascript code from perception_msgs/PercCmd.msg[0m
[ 21%] [34m[1mGenerating Lisp code from perception_msgs/PercState.msg[0m
[ 24%] [34m[1mGenerating Javascript code from perception_msgs/PercState.msg[0m
[ 27%] [34m[1mGenerating Python from MSG perception_msgs/PercState[0m
[ 29%] [34m[1mGenerating EusLisp code from perception_msgs/TaskList.msg[0m
[ 32%] [34m[1mGenerating EusLisp code from perception_msgs/ActionEntry.msg[0m
[ 35%] [34m[1mGenerating Javascript code from perception_msgs/PercReq.msg[0m
[ 37%] [34m[1mGenerating Lisp code from perception_msgs/PercReq.msg[0m
[ 40%] [34m[1mGenerating C++ code from perception_msgs/PercState.msg[0m
[ 43%] [34m[1mGenerating Javascript code from perception_msgs/TaskList.msg[0m
[ 45%] [34m[1mGenerating Javascript code from perception_msgs/ActionEntry.msg[0m
[ 51%] [34m[1mGenerating EusLisp code from perception_msgs/AlarmEntry.msg[0m
[ 51%] [34m[1mGenerating Lisp code from perception_msgs/TaskList.msg[0m
[ 54%] [34m[1mGenerating Javascript code from perception_msgs/AlarmEntry.msg[0m
[ 56%] [34m[1mGenerating Javascript code from perception_msgs/DogState.msg[0m
[ 59%] [34m[1mGenerating Python from MSG perception_msgs/PercReq[0m
[ 62%] [34m[1mGenerating Lisp code from perception_msgs/ActionEntry.msg[0m
[ 64%] [34m[1mGenerating EusLisp code from perception_msgs/DogState.msg[0m
[ 64%] Built target perception_msgs_generate_messages_nodejs
[ 67%] [34m[1mGenerating C++ code from perception_msgs/PercReq.msg[0m
[ 70%] [34m[1mGenerating C++ code from perception_msgs/TaskList.msg[0m
[ 75%] [34m[1mGenerating EusLisp manifest code for perception_msgs[0m
[ 75%] [34m[1mGenerating Lisp code from perception_msgs/AlarmEntry.msg[0m
[ 78%] [34m[1mGenerating Python from MSG perception_msgs/TaskList[0m
[ 81%] [34m[1mGenerating Lisp code from perception_msgs/DogState.msg[0m
[ 83%] [34m[1mGenerating Python from MSG perception_msgs/ActionEntry[0m
[ 86%] [34m[1mGenerating C++ code from perception_msgs/ActionEntry.msg[0m
[ 86%] Built target perception_msgs_generate_messages_lisp
[ 89%] [34m[1mGenerating Python from MSG perception_msgs/AlarmEntry[0m
[ 91%] [34m[1mGenerating Python from MSG perception_msgs/DogState[0m
[ 94%] [34m[1mGenerating C++ code from perception_msgs/AlarmEntry.msg[0m
[ 97%] [34m[1mGenerating C++ code from perception_msgs/DogState.msg[0m
[100%] [34m[1mGenerating Python msg __init__.py for perception_msgs[0m
[100%] Built target perception_msgs_generate_messages_cpp
[100%] Built target perception_msgs_generate_messages_py
[100%] Built target perception_msgs_generate_messages_eus
[35m[1mScanning dependencies of target perception_msgs_generate_messages[0m
[100%] Built target perception_msgs_generate_messages
