Unlinking: /home/meizan/workspace/athena-robot-dog/modules/message/ros/devel/share/roseus/ros/perception_msgs/manifest.l
Unlinking: /home/meizan/workspace/athena-robot-dog/modules/message/ros/devel/share/roseus/ros/perception_msgs/msg/PercCmd.l
Unlinking: /home/meizan/workspace/athena-robot-dog/modules/message/ros/devel/share/roseus/ros/perception_msgs/msg/ActionEntry.l
Unlinking: /home/meizan/workspace/athena-robot-dog/modules/message/ros/devel/share/roseus/ros/perception_msgs/msg/TaskList.l
Unlinking: /home/meizan/workspace/athena-robot-dog/modules/message/ros/devel/share/roseus/ros/perception_msgs/msg/AlarmEntry.l
Unlinking: /home/meizan/workspace/athena-robot-dog/modules/message/ros/devel/share/roseus/ros/perception_msgs/msg/PercState.l
Unlinking: /home/meizan/workspace/athena-robot-dog/modules/message/ros/devel/share/roseus/ros/perception_msgs/msg/DogState.l
Unlinking: /home/meizan/workspace/athena-robot-dog/modules/message/ros/devel/share/roseus/ros/perception_msgs/msg/PercReq.l
Unlinking: /home/meizan/workspace/athena-robot-dog/modules/message/ros/devel/share/perception_msgs/cmake/perception_msgsConfig.cmake
Unlinking: /home/meizan/workspace/athena-robot-dog/modules/message/ros/devel/share/perception_msgs/cmake/perception_msgs-msg-extras.cmake
Unlinking: /home/meizan/workspace/athena-robot-dog/modules/message/ros/devel/share/perception_msgs/cmake/perception_msgs-msg-paths.cmake
Unlinking: /home/meizan/workspace/athena-robot-dog/modules/message/ros/devel/share/perception_msgs/cmake/perception_msgsConfig-version.cmake
Unlinking: /home/meizan/workspace/athena-robot-dog/modules/message/ros/devel/share/common-lisp/ros/perception_msgs/msg/PercCmd.lisp
Unlinking: /home/meizan/workspace/athena-robot-dog/modules/message/ros/devel/share/common-lisp/ros/perception_msgs/msg/PercReq.lisp
Unlinking: /home/meizan/workspace/athena-robot-dog/modules/message/ros/devel/share/common-lisp/ros/perception_msgs/msg/AlarmEntry.lisp
Unlinking: /home/meizan/workspace/athena-robot-dog/modules/message/ros/devel/share/common-lisp/ros/perception_msgs/msg/_package_AlarmEntry.lisp
Unlinking: /home/meizan/workspace/athena-robot-dog/modules/message/ros/devel/share/common-lisp/ros/perception_msgs/msg/perception_msgs-msg.asd
Unlinking: /home/meizan/workspace/athena-robot-dog/modules/message/ros/devel/share/common-lisp/ros/perception_msgs/msg/_package_ActionEntry.lisp
Unlinking: /home/meizan/workspace/athena-robot-dog/modules/message/ros/devel/share/common-lisp/ros/perception_msgs/msg/ActionEntry.lisp
Unlinking: /home/meizan/workspace/athena-robot-dog/modules/message/ros/devel/share/common-lisp/ros/perception_msgs/msg/TaskList.lisp
Unlinking: /home/meizan/workspace/athena-robot-dog/modules/message/ros/devel/share/common-lisp/ros/perception_msgs/msg/_package.lisp
Unlinking: /home/meizan/workspace/athena-robot-dog/modules/message/ros/devel/share/common-lisp/ros/perception_msgs/msg/DogState.lisp
Unlinking: /home/meizan/workspace/athena-robot-dog/modules/message/ros/devel/share/common-lisp/ros/perception_msgs/msg/_package_TaskList.lisp
Unlinking: /home/meizan/workspace/athena-robot-dog/modules/message/ros/devel/share/common-lisp/ros/perception_msgs/msg/PercState.lisp
Unlinking: /home/meizan/workspace/athena-robot-dog/modules/message/ros/devel/share/common-lisp/ros/perception_msgs/msg/_package_PercState.lisp
Unlinking: /home/meizan/workspace/athena-robot-dog/modules/message/ros/devel/share/common-lisp/ros/perception_msgs/msg/_package_PercCmd.lisp
Unlinking: /home/meizan/workspace/athena-robot-dog/modules/message/ros/devel/share/common-lisp/ros/perception_msgs/msg/_package_PercReq.lisp
Unlinking: /home/meizan/workspace/athena-robot-dog/modules/message/ros/devel/share/common-lisp/ros/perception_msgs/msg/_package_DogState.lisp
Unlinking: /home/meizan/workspace/athena-robot-dog/modules/message/ros/devel/share/gennodejs/ros/perception_msgs/_index.js
Unlinking: /home/meizan/workspace/athena-robot-dog/modules/message/ros/devel/share/gennodejs/ros/perception_msgs/msg/AlarmEntry.js
Unlinking: /home/meizan/workspace/athena-robot-dog/modules/message/ros/devel/share/gennodejs/ros/perception_msgs/msg/_index.js
Unlinking: /home/meizan/workspace/athena-robot-dog/modules/message/ros/devel/share/gennodejs/ros/perception_msgs/msg/PercReq.js
Unlinking: /home/meizan/workspace/athena-robot-dog/modules/message/ros/devel/share/gennodejs/ros/perception_msgs/msg/PercState.js
Unlinking: /home/meizan/workspace/athena-robot-dog/modules/message/ros/devel/share/gennodejs/ros/perception_msgs/msg/PercCmd.js
Unlinking: /home/meizan/workspace/athena-robot-dog/modules/message/ros/devel/share/gennodejs/ros/perception_msgs/msg/ActionEntry.js
Unlinking: /home/meizan/workspace/athena-robot-dog/modules/message/ros/devel/share/gennodejs/ros/perception_msgs/msg/TaskList.js
Unlinking: /home/meizan/workspace/athena-robot-dog/modules/message/ros/devel/share/gennodejs/ros/perception_msgs/msg/DogState.js
Unlinking: /home/meizan/workspace/athena-robot-dog/modules/message/ros/devel/include/perception_msgs/DogState.h
Unlinking: /home/meizan/workspace/athena-robot-dog/modules/message/ros/devel/include/perception_msgs/ActionEntry.h
Unlinking: /home/meizan/workspace/athena-robot-dog/modules/message/ros/devel/include/perception_msgs/AlarmEntry.h
Unlinking: /home/meizan/workspace/athena-robot-dog/modules/message/ros/devel/include/perception_msgs/PercReq.h
Unlinking: /home/meizan/workspace/athena-robot-dog/modules/message/ros/devel/include/perception_msgs/TaskList.h
Unlinking: /home/meizan/workspace/athena-robot-dog/modules/message/ros/devel/include/perception_msgs/PercState.h
Unlinking: /home/meizan/workspace/athena-robot-dog/modules/message/ros/devel/include/perception_msgs/PercCmd.h
Unlinking: /home/meizan/workspace/athena-robot-dog/modules/message/ros/devel/lib/python3/dist-packages/perception_msgs/__init__.py
Unlinking: /home/meizan/workspace/athena-robot-dog/modules/message/ros/devel/lib/python3/dist-packages/perception_msgs/msg/_ActionEntry.py
Unlinking: /home/meizan/workspace/athena-robot-dog/modules/message/ros/devel/lib/python3/dist-packages/perception_msgs/msg/_TaskList.py
Unlinking: /home/meizan/workspace/athena-robot-dog/modules/message/ros/devel/lib/python3/dist-packages/perception_msgs/msg/__init__.py
Unlinking: /home/meizan/workspace/athena-robot-dog/modules/message/ros/devel/lib/python3/dist-packages/perception_msgs/msg/_DogState.py
Unlinking: /home/meizan/workspace/athena-robot-dog/modules/message/ros/devel/lib/python3/dist-packages/perception_msgs/msg/_PercCmd.py
Unlinking: /home/meizan/workspace/athena-robot-dog/modules/message/ros/devel/lib/python3/dist-packages/perception_msgs/msg/_PercState.py
Unlinking: /home/meizan/workspace/athena-robot-dog/modules/message/ros/devel/lib/python3/dist-packages/perception_msgs/msg/_PercReq.py
Unlinking: /home/meizan/workspace/athena-robot-dog/modules/message/ros/devel/lib/python3/dist-packages/perception_msgs/msg/_AlarmEntry.py
Unlinking: /home/meizan/workspace/athena-robot-dog/modules/message/ros/devel/lib/pkgconfig/perception_msgs.pc
