[  0%] Built target _ros_interface_generate_messages_check_deps_HMIObstacle
[  0%] Built target _ros_interface_generate_messages_check_deps_GuideRoad
[  0%] Built target _ros_interface_generate_messages_check_deps_Quaternion
[  0%] Built target _ros_interface_generate_messages_check_deps_HMITrajectoryPoint
[  0%] Built target _ros_interface_generate_messages_check_deps_HMIVehicleMsg
[  0%] Built target _ros_interface_generate_messages_check_deps_GuideInfo
[  0%] Built target _ros_interface_generate_messages_check_deps_CurvatureInfo
[  0%] Built target _ros_interface_generate_messages_check_deps_HMIDiagnosticStatus
[  0%] Built target _ros_interface_generate_messages_check_deps_HMITrajectory
[  0%] Built target _ros_interface_generate_messages_check_deps_WLConstraintInfo
[  0%] Built target _ros_interface_generate_messages_check_deps_JunctionInfo
[  0%] Built target _ros_interface_generate_messages_check_deps_WLConstraintInfoList
[  0%] Built target _ros_interface_generate_messages_check_deps_Log
[  0%] Built target _ros_interface_generate_messages_check_deps_ParkingOutInfo
[  0%] Built target _ros_interface_generate_messages_check_deps_RadarState
[  0%] Built target _ros_interface_generate_messages_check_deps_Location
[  0%] Built target _ros_interface_generate_messages_check_deps_ParkingInfoList
[  0%] Built target _ros_interface_generate_messages_check_deps_Point2dList
[  0%] Built target _ros_interface_generate_messages_check_deps_Events
[  0%] Built target _ros_interface_generate_messages_check_deps_Pavementype
[  0%] Built target _ros_interface_generate_messages_check_deps_Faults
[  0%] Built target _ros_interface_generate_messages_check_deps_LaneLine
[  0%] Built target _ros_interface_generate_messages_check_deps_VehicleSignal
[  0%] Built target _ros_interface_generate_messages_check_deps_TrafficEvents
[  0%] Built target _ros_interface_generate_messages_check_deps_GaussianInfo
[  0%] Built target _ros_interface_generate_messages_check_deps_Point3D
[  0%] Built target _ros_interface_generate_messages_check_deps_AlarmMessage
[  0%] Built target _ros_interface_generate_messages_check_deps_TrafficLightMsg
[  0%] Built target _ros_interface_generate_messages_check_deps_HMIParkingInfoList
[  0%] Built target _ros_interface_generate_messages_check_deps_Point2D
[  0%] Built target _ros_interface_generate_messages_check_deps_PadMessage
[  0%] Built target _ros_interface_generate_messages_check_deps_Message
[  0%] Built target _ros_interface_generate_messages_check_deps_Event
[  0%] Built target _ros_interface_generate_messages_check_deps_Polygon3D
[  0%] Built target _ros_interface_generate_messages_check_deps_ObuCmdMsg
[  0%] Built target _ros_interface_generate_messages_check_deps_VehicleMotion
[  0%] Built target _ros_interface_generate_messages_check_deps_ParkingRoi
[  0%] Built target _ros_interface_generate_messages_check_deps_EndPoints
[  0%] Built target _ros_interface_generate_messages_check_deps_Trajectory
[  0%] Built target _ros_interface_generate_messages_check_deps_EStop
[  0%] Built target _ros_interface_generate_messages_check_deps_RoadMark
[  0%] Built target _ros_interface_generate_messages_check_deps_HMIParkingInfo
[  0%] Built target _ros_interface_generate_messages_check_deps_RadarStateError
[  0%] Built target _ros_interface_generate_messages_check_deps_HMIParkingStateDisplay
[  0%] Built target _ros_interface_generate_messages_check_deps_RoadMarkList
[  0%] Built target _ros_interface_generate_messages_check_deps_RouteFusionInfo
[  0%] Built target _ros_interface_generate_messages_check_deps_GlobalRouteMsg
[  0%] Built target _ros_interface_generate_messages_check_deps_LaneletInfo
[  0%] Built target _ros_interface_generate_messages_check_deps_DiagnosticStatus
[  0%] Built target _ros_interface_generate_messages_check_deps_Twist
[  0%] Built target _ros_interface_generate_messages_check_deps_ParkingStateDisplay
[  0%] Built target _ros_interface_generate_messages_check_deps_Ultrasonic
[  0%] Built target _ros_interface_generate_messages_check_deps_DiagnosticArray
[  0%] Built target _ros_interface_generate_messages_check_deps_PredictionObstacles
[  0%] Built target _ros_interface_generate_messages_check_deps_VehicleConfig
[  0%] Built target _ros_interface_generate_messages_check_deps_SensorCalibrator
[  0%] Built target _ros_interface_generate_messages_check_deps_VehicleParam
[  0%] Built target _ros_interface_generate_messages_check_deps_SpeedPoint
[  0%] Built target _ros_interface_generate_messages_check_deps_Uncertainty
[  0%] Built target _ros_interface_generate_messages_check_deps_CompressedImage
[  0%] Built target _ros_interface_generate_messages_check_deps_Imu
[  0%] Built target _ros_interface_generate_messages_check_deps_ObstacleInteractiveTag
[  0%] Built target _ros_interface_generate_messages_check_deps_LanePoint
[  0%] Built target _ros_interface_generate_messages_check_deps_Image
[  0%] Built target _ros_interface_generate_messages_check_deps_ObstacleFeature
[  0%] Built target _ros_interface_generate_messages_check_deps_VehicleMotionPoint
[  0%] Built target _ros_interface_generate_messages_check_deps_PointCloud
[  0%] Built target _ros_interface_generate_messages_check_deps_RoutingRequest
[  0%] Built target _ros_interface_generate_messages_check_deps_StopPoint
[  0%] Built target _ros_interface_generate_messages_check_deps_TrafficLightDebug
[  0%] Built target _ros_interface_generate_messages_check_deps_TrajectoryInPrediction
[  0%] Built target _ros_interface_generate_messages_check_deps_BBox2D
[  0%] Built target _ros_interface_generate_messages_check_deps_Obstacle
[  0%] Built target _ros_interface_generate_messages_check_deps_RSSInfo
[  0%] Built target _ros_interface_generate_messages_check_deps_ObstacleIntent
[  0%] Built target _ros_interface_generate_messages_check_deps_ObstaclePriority
[  0%] Built target _ros_interface_generate_messages_check_deps_FrenetFramePoint
[  0%] Built target _ros_interface_generate_messages_check_deps_Pose
[  0%] Built target _ros_interface_generate_messages_check_deps_PlanningCmd
[  0%] Built target _ros_interface_generate_messages_check_deps_KeyValues
[  0%] Built target _ros_interface_generate_messages_check_deps_PointBasic
[  0%] Built target _ros_interface_generate_messages_check_deps_PlanningParkingDebug
[  0%] Built target _ros_interface_generate_messages_check_deps_TrajectoryPointInPrediction
[  0%] Built target _ros_interface_generate_messages_check_deps_PerceptionObstacle
[  0%] Built target _ros_interface_generate_messages_check_deps_LaneLineCubicCurve
[  0%] Built target _ros_interface_generate_messages_check_deps_HMIObuCmd
[  0%] Built target _ros_interface_generate_messages_check_deps_HolisticPathPrediction
[  0%] Built target _ros_interface_generate_messages_check_deps_TrafficLightBox
[  0%] Built target _ros_interface_generate_messages_check_deps_CameraParkingInfoList
[  0%] Built target _ros_interface_generate_messages_check_deps_ImageRect
[  0%] Built target _ros_interface_generate_messages_check_deps_Stories
[  0%] Built target _ros_interface_generate_messages_check_deps_TimeConsume
[  0%] Built target _ros_interface_generate_messages_check_deps_SotifMonitorResult
[  0%] Built target _ros_interface_generate_messages_check_deps_RadarStateMode
[  0%] Built target _ros_interface_generate_messages_check_deps_ObstacleList
[  0%] Built target _ros_interface_generate_messages_check_deps_Grid
[  0%] Built target _ros_interface_generate_messages_check_deps_SecurityDecision
[  0%] Built target _ros_interface_generate_messages_check_deps_ControlCommand
[  0%] Built target _ros_interface_generate_messages_check_deps_LaneInfo
[  0%] Built target _ros_interface_generate_messages_check_deps_TrajectoryLimitCommand
[  0%] Built target _ros_interface_generate_messages_check_deps_CommCommand
[  0%] Built target _ros_interface_generate_messages_check_deps_HMIObstacleList
[  0%] Built target _ros_interface_generate_messages_check_deps_CommandRespond
[  0%] Built target _ros_interface_generate_messages_check_deps_PathPoint
[  0%] Built target _ros_interface_generate_messages_check_deps_ModuleStatus
[  0%] Built target _ros_interface_generate_messages_check_deps_VehicleState
[  0%] Built target _ros_interface_generate_messages_check_deps_UssParkingInfo
[  0%] Built target _ros_interface_generate_messages_check_deps_TrajectoryArray
[  0%] Built target _ros_interface_generate_messages_check_deps_TrajectoryPoint
[  0%] Built target _ros_interface_generate_messages_check_deps_WarningCommand
[  0%] Built target _ros_interface_generate_messages_check_deps_PlanningAnalysis
[  0%] Built target _ros_interface_generate_messages_check_deps_LaneList
[  0%] Built target _ros_interface_generate_messages_check_deps_Path
[  0%] Built target _ros_interface_generate_messages_check_deps_Time
[  0%] Built target _ros_interface_generate_messages_check_deps_RadarObstacleListMsg
[  0%] Built target _ros_interface_generate_messages_check_deps_PointLLH
[  0%] Built target _ros_interface_generate_messages_check_deps_UltrasonicObstacle
[  0%] Built target _ros_interface_generate_messages_check_deps_Odometry
[  0%] Built target _ros_interface_generate_messages_check_deps_FreeSpace
[  0%] Built target _ros_interface_generate_messages_check_deps_PointXYZIRT
[  0%] Built target _ros_interface_generate_messages_check_deps_Ins
[  0%] Built target _ros_interface_generate_messages_check_deps_Region
[  0%] Built target _ros_interface_generate_messages_check_deps_Gnss
[  0%] Built target _ros_interface_generate_messages_check_deps_ObuCmd
[  0%] Built target _ros_interface_generate_messages_check_deps_CameraParkingInfo
[  0%] Built target _ros_interface_generate_messages_check_deps_ParkingInfo
[  0%] Built target _ros_interface_generate_messages_check_deps_Command
[  0%] Built target _ros_interface_generate_messages_check_deps_Chassis
[  0%] Built target _ros_interface_generate_messages_check_deps_StopInfo
[  0%] Built target _ros_interface_generate_messages_check_deps_TrafficLight
[  0%] Built target _ros_interface_generate_messages_check_deps_LimitSpeedInfo
[  0%] Built target _ros_interface_generate_messages_check_deps_KeyPoint
[  0%] Built target _ros_interface_generate_messages_check_deps_ParkingStopper
[  0%] Built target _ros_interface_generate_messages_check_deps_CameraParkingStopper
[  0%] Built target _ros_interface_generate_messages_check_deps_UssParkingInfoList
[  0%] Built target _ros_interface_generate_messages_check_deps_UssObstacle
[  0%] Built target _ros_interface_generate_messages_check_deps_UssObstacleList
[  0%] Built target _ros_interface_generate_messages_check_deps_ControlAnalysis
[  0%] Built target _ros_interface_generate_messages_check_deps_DrivableRegion
[  0%] Built target std_msgs_generate_messages_lisp
[  0%] Built target _ros_interface_generate_messages_check_deps_ImageKeyPoint
[  0%] Built target _ros_interface_generate_messages_check_deps_Matrix3D
[  0%] Built target _ros_interface_generate_messages_check_deps_HMIDiagnosticArray
[  0%] Built target _ros_interface_generate_messages_check_deps_HMIObuCmdMsg
[  0%] Built target _ros_interface_generate_messages_check_deps_Header
[  0%] Built target _ros_interface_generate_messages_check_deps_ADCTrajectory
[  0%] Built target _ros_interface_generate_messages_check_deps_SLPoint
[  0%] Built target _ros_interface_generate_messages_check_deps_Polygon2D
[  0%] Built target _ros_interface_generate_messages_check_deps_PredictionObstacle
[  0%] Built target _ros_interface_generate_messages_check_deps_RadarObstacle
[  0%] Built target _ros_interface_generate_messages_check_deps_RoutingResponse
[  0%] Built target std_msgs_generate_messages_eus
[  0%] Built target _ros_interface_generate_messages_check_deps_SLBoundary
[  0%] Built target _ros_interface_generate_messages_check_deps_PointENU
[  0%] Built target _ros_interface_generate_messages_check_deps_Fault
[  0%] Built target _ros_interface_generate_messages_check_deps_Status
[  0%] Built target _ros_interface_generate_messages_check_deps_PredictionTrajectoryPoint
[  0%] Built target std_msgs_generate_messages_cpp
[  0%] Built target _ros_interface_generate_messages_check_deps_WheelInfo
[  0%] Built target std_msgs_generate_messages_py
[  0%] Built target std_msgs_generate_messages_nodejs
[ 20%] Built target ros_interface_generate_messages_eus
[ 39%] Built target ros_interface_generate_messages_cpp
[ 79%] Built target ros_interface_generate_messages_nodejs
[ 79%] Built target ros_interface_generate_messages_lisp
[100%] Built target ros_interface_generate_messages_py
[100%] Built target ros_interface_generate_messages
