Symlinking /home/meizan/workspace/athena-robot-dog/modules/message/ros/devel/share/quad_msgs/cmake/quad_msgs-msg-paths.cmake
Symlinking /home/meizan/workspace/athena-robot-dog/modules/message/ros/devel/share/quad_msgs/cmake/quad_msgsConfig.cmake
Symlinking /home/meizan/workspace/athena-robot-dog/modules/message/ros/devel/share/quad_msgs/cmake/quad_msgs-msg-extras.cmake
Symlinking /home/meizan/workspace/athena-robot-dog/modules/message/ros/devel/share/quad_msgs/cmake/quad_msgsConfig-version.cmake
Symlinking /home/meizan/workspace/athena-robot-dog/modules/message/ros/devel/share/roseus/ros/quad_msgs/manifest.l
Symlinking /home/meizan/workspace/athena-robot-dog/modules/message/ros/devel/share/roseus/ros/quad_msgs/msg/RobotPlanDiagnostics.l
Symlinking /home/meizan/workspace/athena-robot-dog/modules/message/ros/devel/share/roseus/ros/quad_msgs/msg/FootPlanDiscrete.l
Symlinking /home/meizan/workspace/athena-robot-dog/modules/message/ros/devel/share/roseus/ros/quad_msgs/msg/LegCommandArray.l
Symlinking /home/meizan/workspace/athena-robot-dog/modules/message/ros/devel/share/roseus/ros/quad_msgs/msg/LegContactMode.l
Symlinking /home/meizan/workspace/athena-robot-dog/modules/message/ros/devel/share/roseus/ros/quad_msgs/msg/RobotPlan.l
Symlinking /home/meizan/workspace/athena-robot-dog/modules/message/ros/devel/share/roseus/ros/quad_msgs/msg/MultiFootPlanContinuous.l
Symlinking /home/meizan/workspace/athena-robot-dog/modules/message/ros/devel/share/roseus/ros/quad_msgs/msg/LegCommand.l
Symlinking /home/meizan/workspace/athena-robot-dog/modules/message/ros/devel/share/roseus/ros/quad_msgs/msg/BodyState.l
Symlinking /home/meizan/workspace/athena-robot-dog/modules/message/ros/devel/share/roseus/ros/quad_msgs/msg/ContactMode.l
Symlinking /home/meizan/workspace/athena-robot-dog/modules/message/ros/devel/share/roseus/ros/quad_msgs/msg/MotorCommand.l
Symlinking /home/meizan/workspace/athena-robot-dog/modules/message/ros/devel/share/roseus/ros/quad_msgs/msg/GRFArray.l
Symlinking /home/meizan/workspace/athena-robot-dog/modules/message/ros/devel/share/roseus/ros/quad_msgs/msg/BodyForceEstimate.l
Symlinking /home/meizan/workspace/athena-robot-dog/modules/message/ros/devel/share/roseus/ros/quad_msgs/msg/MultiFootPlanDiscrete.l
Symlinking /home/meizan/workspace/athena-robot-dog/modules/message/ros/devel/share/roseus/ros/quad_msgs/msg/FootState.l
Symlinking /home/meizan/workspace/athena-robot-dog/modules/message/ros/devel/share/roseus/ros/quad_msgs/msg/RobotState.l
Symlinking /home/meizan/workspace/athena-robot-dog/modules/message/ros/devel/share/roseus/ros/quad_msgs/msg/MultiFootState.l
Symlinking /home/meizan/workspace/athena-robot-dog/modules/message/ros/devel/share/common-lisp/ros/quad_msgs/msg/FootPlanDiscrete.lisp
Symlinking /home/meizan/workspace/athena-robot-dog/modules/message/ros/devel/share/common-lisp/ros/quad_msgs/msg/_package_MultiFootPlanContinuous.lisp
Symlinking /home/meizan/workspace/athena-robot-dog/modules/message/ros/devel/share/common-lisp/ros/quad_msgs/msg/_package_MotorCommand.lisp
Symlinking /home/meizan/workspace/athena-robot-dog/modules/message/ros/devel/share/common-lisp/ros/quad_msgs/msg/_package_LegCommand.lisp
Symlinking /home/meizan/workspace/athena-robot-dog/modules/message/ros/devel/share/common-lisp/ros/quad_msgs/msg/MotorCommand.lisp
Symlinking /home/meizan/workspace/athena-robot-dog/modules/message/ros/devel/share/common-lisp/ros/quad_msgs/msg/MultiFootPlanDiscrete.lisp
Symlinking /home/meizan/workspace/athena-robot-dog/modules/message/ros/devel/share/common-lisp/ros/quad_msgs/msg/_package_BodyForceEstimate.lisp
Symlinking /home/meizan/workspace/athena-robot-dog/modules/message/ros/devel/share/common-lisp/ros/quad_msgs/msg/_package_ContactMode.lisp
Symlinking /home/meizan/workspace/athena-robot-dog/modules/message/ros/devel/share/common-lisp/ros/quad_msgs/msg/RobotPlan.lisp
Symlinking /home/meizan/workspace/athena-robot-dog/modules/message/ros/devel/share/common-lisp/ros/quad_msgs/msg/_package_LegCommandArray.lisp
Symlinking /home/meizan/workspace/athena-robot-dog/modules/message/ros/devel/share/common-lisp/ros/quad_msgs/msg/quad_msgs-msg.asd
Symlinking /home/meizan/workspace/athena-robot-dog/modules/message/ros/devel/share/common-lisp/ros/quad_msgs/msg/MultiFootPlanContinuous.lisp
Symlinking /home/meizan/workspace/athena-robot-dog/modules/message/ros/devel/share/common-lisp/ros/quad_msgs/msg/BodyState.lisp
Symlinking /home/meizan/workspace/athena-robot-dog/modules/message/ros/devel/share/common-lisp/ros/quad_msgs/msg/LegCommand.lisp
Symlinking /home/meizan/workspace/athena-robot-dog/modules/message/ros/devel/share/common-lisp/ros/quad_msgs/msg/MultiFootState.lisp
Symlinking /home/meizan/workspace/athena-robot-dog/modules/message/ros/devel/share/common-lisp/ros/quad_msgs/msg/_package_MultiFootPlanDiscrete.lisp
Symlinking /home/meizan/workspace/athena-robot-dog/modules/message/ros/devel/share/common-lisp/ros/quad_msgs/msg/LegCommandArray.lisp
Symlinking /home/meizan/workspace/athena-robot-dog/modules/message/ros/devel/share/common-lisp/ros/quad_msgs/msg/RobotPlanDiagnostics.lisp
Symlinking /home/meizan/workspace/athena-robot-dog/modules/message/ros/devel/share/common-lisp/ros/quad_msgs/msg/FootState.lisp
Symlinking /home/meizan/workspace/athena-robot-dog/modules/message/ros/devel/share/common-lisp/ros/quad_msgs/msg/ContactMode.lisp
Symlinking /home/meizan/workspace/athena-robot-dog/modules/message/ros/devel/share/common-lisp/ros/quad_msgs/msg/_package.lisp
Symlinking /home/meizan/workspace/athena-robot-dog/modules/message/ros/devel/share/common-lisp/ros/quad_msgs/msg/_package_MultiFootState.lisp
Symlinking /home/meizan/workspace/athena-robot-dog/modules/message/ros/devel/share/common-lisp/ros/quad_msgs/msg/GRFArray.lisp
Symlinking /home/meizan/workspace/athena-robot-dog/modules/message/ros/devel/share/common-lisp/ros/quad_msgs/msg/_package_RobotPlan.lisp
Symlinking /home/meizan/workspace/athena-robot-dog/modules/message/ros/devel/share/common-lisp/ros/quad_msgs/msg/_package_RobotPlanDiagnostics.lisp
Symlinking /home/meizan/workspace/athena-robot-dog/modules/message/ros/devel/share/common-lisp/ros/quad_msgs/msg/_package_RobotState.lisp
Symlinking /home/meizan/workspace/athena-robot-dog/modules/message/ros/devel/share/common-lisp/ros/quad_msgs/msg/_package_FootPlanDiscrete.lisp
Symlinking /home/meizan/workspace/athena-robot-dog/modules/message/ros/devel/share/common-lisp/ros/quad_msgs/msg/_package_LegContactMode.lisp
Symlinking /home/meizan/workspace/athena-robot-dog/modules/message/ros/devel/share/common-lisp/ros/quad_msgs/msg/_package_GRFArray.lisp
Symlinking /home/meizan/workspace/athena-robot-dog/modules/message/ros/devel/share/common-lisp/ros/quad_msgs/msg/BodyForceEstimate.lisp
Symlinking /home/meizan/workspace/athena-robot-dog/modules/message/ros/devel/share/common-lisp/ros/quad_msgs/msg/LegContactMode.lisp
Symlinking /home/meizan/workspace/athena-robot-dog/modules/message/ros/devel/share/common-lisp/ros/quad_msgs/msg/RobotState.lisp
Symlinking /home/meizan/workspace/athena-robot-dog/modules/message/ros/devel/share/common-lisp/ros/quad_msgs/msg/_package_BodyState.lisp
Symlinking /home/meizan/workspace/athena-robot-dog/modules/message/ros/devel/share/common-lisp/ros/quad_msgs/msg/_package_FootState.lisp
Symlinking /home/meizan/workspace/athena-robot-dog/modules/message/ros/devel/share/gennodejs/ros/quad_msgs/_index.js
Symlinking /home/meizan/workspace/athena-robot-dog/modules/message/ros/devel/share/gennodejs/ros/quad_msgs/msg/RobotPlanDiagnostics.js
Symlinking /home/meizan/workspace/athena-robot-dog/modules/message/ros/devel/share/gennodejs/ros/quad_msgs/msg/BodyForceEstimate.js
Symlinking /home/meizan/workspace/athena-robot-dog/modules/message/ros/devel/share/gennodejs/ros/quad_msgs/msg/LegCommand.js
Symlinking /home/meizan/workspace/athena-robot-dog/modules/message/ros/devel/share/gennodejs/ros/quad_msgs/msg/LegContactMode.js
Symlinking /home/meizan/workspace/athena-robot-dog/modules/message/ros/devel/share/gennodejs/ros/quad_msgs/msg/FootPlanDiscrete.js
Symlinking /home/meizan/workspace/athena-robot-dog/modules/message/ros/devel/share/gennodejs/ros/quad_msgs/msg/_index.js
Symlinking /home/meizan/workspace/athena-robot-dog/modules/message/ros/devel/share/gennodejs/ros/quad_msgs/msg/RobotPlan.js
Symlinking /home/meizan/workspace/athena-robot-dog/modules/message/ros/devel/share/gennodejs/ros/quad_msgs/msg/MultiFootPlanDiscrete.js
Symlinking /home/meizan/workspace/athena-robot-dog/modules/message/ros/devel/share/gennodejs/ros/quad_msgs/msg/RobotState.js
Symlinking /home/meizan/workspace/athena-robot-dog/modules/message/ros/devel/share/gennodejs/ros/quad_msgs/msg/FootState.js
Symlinking /home/meizan/workspace/athena-robot-dog/modules/message/ros/devel/share/gennodejs/ros/quad_msgs/msg/MotorCommand.js
Symlinking /home/meizan/workspace/athena-robot-dog/modules/message/ros/devel/share/gennodejs/ros/quad_msgs/msg/BodyState.js
Symlinking /home/meizan/workspace/athena-robot-dog/modules/message/ros/devel/share/gennodejs/ros/quad_msgs/msg/MultiFootState.js
Symlinking /home/meizan/workspace/athena-robot-dog/modules/message/ros/devel/share/gennodejs/ros/quad_msgs/msg/LegCommandArray.js
Symlinking /home/meizan/workspace/athena-robot-dog/modules/message/ros/devel/share/gennodejs/ros/quad_msgs/msg/GRFArray.js
Symlinking /home/meizan/workspace/athena-robot-dog/modules/message/ros/devel/share/gennodejs/ros/quad_msgs/msg/MultiFootPlanContinuous.js
Symlinking /home/meizan/workspace/athena-robot-dog/modules/message/ros/devel/share/gennodejs/ros/quad_msgs/msg/ContactMode.js
Symlinking /home/meizan/workspace/athena-robot-dog/modules/message/ros/devel/include/quad_msgs/BodyForceEstimate.h
Symlinking /home/meizan/workspace/athena-robot-dog/modules/message/ros/devel/include/quad_msgs/RobotPlanDiagnostics.h
Symlinking /home/meizan/workspace/athena-robot-dog/modules/message/ros/devel/include/quad_msgs/MultiFootPlanDiscrete.h
Symlinking /home/meizan/workspace/athena-robot-dog/modules/message/ros/devel/include/quad_msgs/LegContactMode.h
Symlinking /home/meizan/workspace/athena-robot-dog/modules/message/ros/devel/include/quad_msgs/RobotPlan.h
Symlinking /home/meizan/workspace/athena-robot-dog/modules/message/ros/devel/include/quad_msgs/FootState.h
Symlinking /home/meizan/workspace/athena-robot-dog/modules/message/ros/devel/include/quad_msgs/LegCommand.h
Symlinking /home/meizan/workspace/athena-robot-dog/modules/message/ros/devel/include/quad_msgs/LegCommandArray.h
Symlinking /home/meizan/workspace/athena-robot-dog/modules/message/ros/devel/include/quad_msgs/ContactMode.h
Symlinking /home/meizan/workspace/athena-robot-dog/modules/message/ros/devel/include/quad_msgs/FootPlanDiscrete.h
Symlinking /home/meizan/workspace/athena-robot-dog/modules/message/ros/devel/include/quad_msgs/MultiFootPlanContinuous.h
Symlinking /home/meizan/workspace/athena-robot-dog/modules/message/ros/devel/include/quad_msgs/RobotState.h
Symlinking /home/meizan/workspace/athena-robot-dog/modules/message/ros/devel/include/quad_msgs/MultiFootState.h
Symlinking /home/meizan/workspace/athena-robot-dog/modules/message/ros/devel/include/quad_msgs/GRFArray.h
Symlinking /home/meizan/workspace/athena-robot-dog/modules/message/ros/devel/include/quad_msgs/MotorCommand.h
Symlinking /home/meizan/workspace/athena-robot-dog/modules/message/ros/devel/include/quad_msgs/BodyState.h
Symlinking /home/meizan/workspace/athena-robot-dog/modules/message/ros/devel/lib/python3/dist-packages/quad_msgs/__init__.py
Symlinking /home/meizan/workspace/athena-robot-dog/modules/message/ros/devel/lib/python3/dist-packages/quad_msgs/msg/_ContactMode.py
Symlinking /home/meizan/workspace/athena-robot-dog/modules/message/ros/devel/lib/python3/dist-packages/quad_msgs/msg/_MotorCommand.py
Symlinking /home/meizan/workspace/athena-robot-dog/modules/message/ros/devel/lib/python3/dist-packages/quad_msgs/msg/_RobotState.py
Symlinking /home/meizan/workspace/athena-robot-dog/modules/message/ros/devel/lib/python3/dist-packages/quad_msgs/msg/_LegCommand.py
Symlinking /home/meizan/workspace/athena-robot-dog/modules/message/ros/devel/lib/python3/dist-packages/quad_msgs/msg/_FootPlanDiscrete.py
Symlinking /home/meizan/workspace/athena-robot-dog/modules/message/ros/devel/lib/python3/dist-packages/quad_msgs/msg/__init__.py
Symlinking /home/meizan/workspace/athena-robot-dog/modules/message/ros/devel/lib/python3/dist-packages/quad_msgs/msg/_BodyForceEstimate.py
Symlinking /home/meizan/workspace/athena-robot-dog/modules/message/ros/devel/lib/python3/dist-packages/quad_msgs/msg/_BodyState.py
Symlinking /home/meizan/workspace/athena-robot-dog/modules/message/ros/devel/lib/python3/dist-packages/quad_msgs/msg/_RobotPlanDiagnostics.py
Symlinking /home/meizan/workspace/athena-robot-dog/modules/message/ros/devel/lib/python3/dist-packages/quad_msgs/msg/_MultiFootState.py
Symlinking /home/meizan/workspace/athena-robot-dog/modules/message/ros/devel/lib/python3/dist-packages/quad_msgs/msg/_MultiFootPlanDiscrete.py
Symlinking /home/meizan/workspace/athena-robot-dog/modules/message/ros/devel/lib/python3/dist-packages/quad_msgs/msg/_GRFArray.py
Symlinking /home/meizan/workspace/athena-robot-dog/modules/message/ros/devel/lib/python3/dist-packages/quad_msgs/msg/_LegCommandArray.py
Symlinking /home/meizan/workspace/athena-robot-dog/modules/message/ros/devel/lib/python3/dist-packages/quad_msgs/msg/_MultiFootPlanContinuous.py
Symlinking /home/meizan/workspace/athena-robot-dog/modules/message/ros/devel/lib/python3/dist-packages/quad_msgs/msg/_LegContactMode.py
Symlinking /home/meizan/workspace/athena-robot-dog/modules/message/ros/devel/lib/python3/dist-packages/quad_msgs/msg/_FootState.py
Symlinking /home/meizan/workspace/athena-robot-dog/modules/message/ros/devel/lib/python3/dist-packages/quad_msgs/msg/_RobotPlan.py
Symlinking /home/meizan/workspace/athena-robot-dog/modules/message/ros/devel/lib/pkgconfig/quad_msgs.pc
