[  0%] Built target sensor_msgs_generate_messages_py
[  0%] Built target geometry_msgs_generate_messages_py
[  0%] Built target std_msgs_generate_messages_py
[  0%] Built target nav_msgs_generate_messages_py
[  0%] Built target _quad_msgs_generate_messages_check_deps_BodyState
[  0%] Built target _quad_msgs_generate_messages_check_deps_RobotState
[  0%] Built target _quad_msgs_generate_messages_check_deps_BodyForceEstimate
[  0%] Built target _quad_msgs_generate_messages_check_deps_GRFArray
[  0%] Built target _quad_msgs_generate_messages_check_deps_LegCommandArray
[  0%] Built target _quad_msgs_generate_messages_check_deps_RobotPlan
[  0%] Built target _quad_msgs_generate_messages_check_deps_FootState
[  0%] Built target _quad_msgs_generate_messages_check_deps_RobotPlanDiagnostics
[  0%] Built target _quad_msgs_generate_messages_check_deps_MultiFootState
[  0%] Built target _quad_msgs_generate_messages_check_deps_FootPlanDiscrete
[  0%] Built target _quad_msgs_generate_messages_check_deps_MultiFootPlanContinuous
[  0%] Built target _quad_msgs_generate_messages_check_deps_MultiFootPlanDiscrete
[  0%] Built target _quad_msgs_generate_messages_check_deps_LegContactMode
[  0%] Built target sensor_msgs_generate_messages_cpp
[  0%] Built target _quad_msgs_generate_messages_check_deps_MotorCommand
[  0%] Built target nav_msgs_generate_messages_cpp
[  0%] Built target geometry_msgs_generate_messages_cpp
[  0%] Built target std_msgs_generate_messages_cpp
[  0%] Built target sensor_msgs_generate_messages_eus
[  0%] Built target std_msgs_generate_messages_eus
[  0%] Built target sensor_msgs_generate_messages_lisp
[  0%] Built target geometry_msgs_generate_messages_eus
[  0%] Built target nav_msgs_generate_messages_eus
[  0%] Built target geometry_msgs_generate_messages_lisp
[  0%] Built target nav_msgs_generate_messages_lisp
[  0%] Built target sensor_msgs_generate_messages_nodejs
[  0%] Built target std_msgs_generate_messages_lisp
[  0%] Built target geometry_msgs_generate_messages_nodejs
[  0%] Built target std_msgs_generate_messages_nodejs
[  0%] Built target _quad_msgs_generate_messages_check_deps_LegCommand
[  0%] Built target nav_msgs_generate_messages_nodejs
[  0%] Built target _quad_msgs_generate_messages_check_deps_ContactMode
[  3%] [34m[1mGenerating Javascript code from quad_msgs/BodyForceEstimate.msg[0m
[  3%] [34m[1mGenerating C++ code from quad_msgs/BodyForceEstimate.msg[0m
[  3%] [34m[1mGenerating Python from MSG quad_msgs/BodyForceEstimate[0m
[  6%] [34m[1mGenerating Lisp code from quad_msgs/BodyForceEstimate.msg[0m
[  6%] [34m[1mGenerating C++ code from quad_msgs/RobotState.msg[0m
[  7%] [34m[1mGenerating EusLisp code from quad_msgs/BodyForceEstimate.msg[0m
[  8%] [34m[1mGenerating EusLisp code from quad_msgs/RobotState.msg[0m
[  9%] [34m[1mGenerating C++ code from quad_msgs/BodyState.msg[0m
[ 10%] [34m[1mGenerating Javascript code from quad_msgs/RobotState.msg[0m
[ 12%] [34m[1mGenerating Lisp code from quad_msgs/RobotState.msg[0m
[ 13%] [34m[1mGenerating Lisp code from quad_msgs/BodyState.msg[0m
[ 14%] [34m[1mGenerating EusLisp code from quad_msgs/BodyState.msg[0m
[ 15%] [34m[1mGenerating Lisp code from quad_msgs/GRFArray.msg[0m
[ 17%] [34m[1mGenerating Javascript code from quad_msgs/BodyState.msg[0m
[ 18%] [34m[1mGenerating EusLisp code from quad_msgs/GRFArray.msg[0m
[ 19%] [34m[1mGenerating Javascript code from quad_msgs/GRFArray.msg[0m
[ 20%] [34m[1mGenerating C++ code from quad_msgs/GRFArray.msg[0m
[ 21%] [34m[1mGenerating Lisp code from quad_msgs/RobotPlan.msg[0m
[ 23%] [34m[1mGenerating EusLisp code from quad_msgs/RobotPlan.msg[0m
[ 24%] [34m[1mGenerating C++ code from quad_msgs/RobotPlan.msg[0m
[ 26%] [34m[1mGenerating Python from MSG quad_msgs/RobotState[0m
[ 28%] [34m[1mGenerating Javascript code from quad_msgs/RobotPlanDiagnostics.msg[0m
[ 25%] [34m[1mGenerating Javascript code from quad_msgs/RobotPlan.msg[0m
[ 29%] [34m[1mGenerating Lisp code from quad_msgs/RobotPlanDiagnostics.msg[0m
[ 30%] [34m[1mGenerating EusLisp code from quad_msgs/RobotPlanDiagnostics.msg[0m
[ 31%] [34m[1mGenerating EusLisp code from quad_msgs/FootState.msg[0m
[ 32%] [34m[1mGenerating Lisp code from quad_msgs/FootState.msg[0m
[ 34%] [34m[1mGenerating Javascript code from quad_msgs/FootState.msg[0m
[ 35%] [34m[1mGenerating Lisp code from quad_msgs/MultiFootState.msg[0m
[ 36%] [34m[1mGenerating C++ code from quad_msgs/RobotPlanDiagnostics.msg[0m
[ 37%] [34m[1mGenerating EusLisp code from quad_msgs/MultiFootState.msg[0m
[ 39%] [34m[1mGenerating C++ code from quad_msgs/FootState.msg[0m
[ 40%] [34m[1mGenerating Javascript code from quad_msgs/MultiFootState.msg[0m
[ 41%] [34m[1mGenerating Lisp code from quad_msgs/MultiFootPlanContinuous.msg[0m
[ 42%] [34m[1mGenerating Javascript code from quad_msgs/MultiFootPlanContinuous.msg[0m
[ 43%] [34m[1mGenerating Lisp code from quad_msgs/FootPlanDiscrete.msg[0m
[ 45%] [34m[1mGenerating Python from MSG quad_msgs/BodyState[0m
[ 46%] [34m[1mGenerating Python from MSG quad_msgs/GRFArray[0m
[ 47%] [34m[1mGenerating EusLisp code from quad_msgs/MultiFootPlanContinuous.msg[0m
[ 48%] [34m[1mGenerating Python from MSG quad_msgs/RobotPlan[0m
[ 50%] [34m[1mGenerating Lisp code from quad_msgs/MultiFootPlanDiscrete.msg[0m
[ 51%] [34m[1mGenerating Javascript code from quad_msgs/FootPlanDiscrete.msg[0m
[ 52%] [34m[1mGenerating C++ code from quad_msgs/MultiFootState.msg[0m
[ 53%] [34m[1mGenerating Javascript code from quad_msgs/MultiFootPlanDiscrete.msg[0m
[ 54%] [34m[1mGenerating Javascript code from quad_msgs/LegContactMode.msg[0m
[ 56%] [34m[1mGenerating EusLisp code from quad_msgs/FootPlanDiscrete.msg[0m
[ 57%] [34m[1mGenerating Lisp code from quad_msgs/LegContactMode.msg[0m
[ 58%] [34m[1mGenerating Javascript code from quad_msgs/ContactMode.msg[0m
[ 59%] [34m[1mGenerating Lisp code from quad_msgs/ContactMode.msg[0m
[ 60%] [34m[1mGenerating Python from MSG quad_msgs/RobotPlanDiagnostics[0m
[ 62%] [34m[1mGenerating Javascript code from quad_msgs/MotorCommand.msg[0m
[ 63%] [34m[1mGenerating Javascript code from quad_msgs/LegCommand.msg[0m
[ 64%] [34m[1mGenerating Python from MSG quad_msgs/FootState[0m
[ 65%] [34m[1mGenerating EusLisp code from quad_msgs/MultiFootPlanDiscrete.msg[0m
[ 67%] [34m[1mGenerating C++ code from quad_msgs/MultiFootPlanContinuous.msg[0m
[ 68%] [34m[1mGenerating EusLisp code from quad_msgs/LegContactMode.msg[0m
[ 69%] [34m[1mGenerating Javascript code from quad_msgs/LegCommandArray.msg[0m
[ 70%] [34m[1mGenerating Lisp code from quad_msgs/MotorCommand.msg[0m
[ 71%] [34m[1mGenerating Python from MSG quad_msgs/MultiFootState[0m
[ 73%] [34m[1mGenerating EusLisp code from quad_msgs/ContactMode.msg[0m
[ 74%] [34m[1mGenerating Lisp code from quad_msgs/LegCommand.msg[0m
[ 75%] [34m[1mGenerating Lisp code from quad_msgs/LegCommandArray.msg[0m
[ 75%] Built target quad_msgs_generate_messages_nodejs
[ 76%] [34m[1mGenerating EusLisp code from quad_msgs/MotorCommand.msg[0m
[ 78%] [34m[1mGenerating C++ code from quad_msgs/FootPlanDiscrete.msg[0m
[ 79%] [34m[1mGenerating EusLisp code from quad_msgs/LegCommand.msg[0m
[ 79%] Built target quad_msgs_generate_messages_lisp
[ 80%] [34m[1mGenerating EusLisp code from quad_msgs/LegCommandArray.msg[0m
[ 81%] [34m[1mGenerating C++ code from quad_msgs/MultiFootPlanDiscrete.msg[0m
[ 82%] [34m[1mGenerating Python from MSG quad_msgs/MultiFootPlanContinuous[0m
[ 84%] [34m[1mGenerating EusLisp manifest code for quad_msgs[0m
[ 85%] [34m[1mGenerating Python from MSG quad_msgs/FootPlanDiscrete[0m
[ 86%] [34m[1mGenerating C++ code from quad_msgs/LegContactMode.msg[0m
[ 87%] [34m[1mGenerating C++ code from quad_msgs/ContactMode.msg[0m
[ 89%] [34m[1mGenerating Python from MSG quad_msgs/MultiFootPlanDiscrete[0m
[ 90%] [34m[1mGenerating C++ code from quad_msgs/MotorCommand.msg[0m
[ 91%] [34m[1mGenerating C++ code from quad_msgs/LegCommand.msg[0m
[ 92%] [34m[1mGenerating Python from MSG quad_msgs/LegContactMode[0m
[ 93%] [34m[1mGenerating C++ code from quad_msgs/LegCommandArray.msg[0m
[ 95%] [34m[1mGenerating Python from MSG quad_msgs/ContactMode[0m
[ 96%] [34m[1mGenerating Python from MSG quad_msgs/MotorCommand[0m
[ 97%] [34m[1mGenerating Python from MSG quad_msgs/LegCommand[0m
[ 98%] [34m[1mGenerating Python from MSG quad_msgs/LegCommandArray[0m
[ 98%] Built target quad_msgs_generate_messages_cpp
[100%] [34m[1mGenerating Python msg __init__.py for quad_msgs[0m
[100%] Built target quad_msgs_generate_messages_eus
[100%] Built target quad_msgs_generate_messages_py
[100%] Built target quad_msgs_generate_messages
