-- Found ament_cmake: 0.9.12 (/opt/ros/foxy/share/ament_cmake/cmake)
-- Found PythonInterp: /usr/bin/python3 (found suitable version "3.8.10", minimum required is "3")
-- Using PYTHON_EXECUTABLE: /usr/bin/python3
-- Found geometry_msgs: 2.0.5 (/opt/ros/foxy/share/geometry_msgs/cmake)
-- Using all available rosidl_typesupport_c: rosidl_typesupport_fastrtps_c;rosidl_typesupport_introspection_c
-- Found rosidl_adapter: 1.3.1 (/opt/ros/foxy/share/rosidl_adapter/cmake)
-- Using all available rosidl_typesupport_cpp: rosidl_typesupport_fastrtps_cpp;rosidl_typesupport_introspection_cpp
-- Found rosidl_default_generators: 1.0.1 (/opt/ros/foxy/share/rosidl_default_generators/cmake)
-- Found PythonInterp: /usr/bin/python3 (found version "3.8.10")
-- Found ament_cmake_ros: 0.9.2 (/opt/ros/foxy/share/ament_cmake_ros/cmake)
-- Using all available rosidl_typesupport_c: rosidl_typesupport_fastrtps_c;rosidl_typesupport_introspection_c
-- Using all available rosidl_typesupport_cpp: rosidl_typesupport_fastrtps_cpp;rosidl_typesupport_introspection_cpp
-- Found PythonInterp: /usr/bin/python3 (found suitable version "3.8.10", minimum required is "3.5")
-- Found python_cmake_module: 0.8.1 (/opt/ros/foxy/share/python_cmake_module/cmake)
-- Using PYTHON_EXECUTABLE: /usr/bin/python3
-- Using PYTHON_INCLUDE_DIRS: /usr/include/python3.8
-- Using PYTHON_LIBRARIES: /usr/lib/x86_64-linux-gnu/libpython3.8.so
-- Found ament_lint_auto: 0.9.8 (/opt/ros/foxy/share/ament_lint_auto/cmake)
-- Added test 'copyright' to check source files copyright and LICENSE
-- Added test 'lint_cmake' to check CMake code style
-- Added test 'xmllint' to check XML markup files
-- Configuring done (0.6s)
-- Generating done (0.0s)
-- Build files have been written to: /home/meizan/workspace/athena-robot-dog/modules/message/ros2/build/perception_msgs
[  1%] Built target perception_msgs__cpp
[ 12%] Built target perception_msgs__rosidl_generator_c
[ 24%] Built target perception_msgs__rosidl_typesupport_c
[ 35%] Built target perception_msgs__rosidl_typesupport_introspection_c
[ 47%] Built target perception_msgs__rosidl_typesupport_cpp
[ 58%] Built target perception_msgs__rosidl_typesupport_introspection_cpp
[ 70%] Built target perception_msgs__rosidl_typesupport_fastrtps_cpp
[ 81%] Built target perception_msgs__rosidl_typesupport_fastrtps_c
[ 81%] Built target perception_msgs
[ 82%] Built target perception_msgs__py
[ 93%] Built target perception_msgs__python
[100%] Built target perception_msgs__rosidl_typesupport_fastrtps_c__pyext
[100%] Built target perception_msgs__rosidl_typesupport_c__pyext
[100%] Built target perception_msgs__rosidl_typesupport_introspection_c__pyext
-- Install configuration: ""
-- Up-to-date: /home/meizan/workspace/athena-robot-dog/modules/message/ros2/install/perception_msgs/share/ament_index/resource_index/rosidl_interfaces/perception_msgs
-- Up-to-date: /home/meizan/workspace/athena-robot-dog/modules/message/ros2/install/perception_msgs/include/perception_msgs
-- Up-to-date: /home/meizan/workspace/athena-robot-dog/modules/message/ros2/install/perception_msgs/include/perception_msgs/msg
-- Up-to-date: /home/meizan/workspace/athena-robot-dog/modules/message/ros2/install/perception_msgs/include/perception_msgs/msg/action_entry.h
-- Up-to-date: /home/meizan/workspace/athena-robot-dog/modules/message/ros2/install/perception_msgs/include/perception_msgs/msg/perc_req.h
-- Up-to-date: /home/meizan/workspace/athena-robot-dog/modules/message/ros2/install/perception_msgs/include/perception_msgs/msg/detail
-- Up-to-date: /home/meizan/workspace/athena-robot-dog/modules/message/ros2/install/perception_msgs/include/perception_msgs/msg/detail/action_entry__functions.h
-- Up-to-date: /home/meizan/workspace/athena-robot-dog/modules/message/ros2/install/perception_msgs/include/perception_msgs/msg/detail/action_entry__functions.c
-- Up-to-date: /home/meizan/workspace/athena-robot-dog/modules/message/ros2/install/perception_msgs/include/perception_msgs/msg/detail/perc_cmd__functions.h
-- Up-to-date: /home/meizan/workspace/athena-robot-dog/modules/message/ros2/install/perception_msgs/include/perception_msgs/msg/detail/dog_state__type_support.h
-- Up-to-date: /home/meizan/workspace/athena-robot-dog/modules/message/ros2/install/perception_msgs/include/perception_msgs/msg/detail/alarm_entry__functions.c
-- Up-to-date: /home/meizan/workspace/athena-robot-dog/modules/message/ros2/install/perception_msgs/include/perception_msgs/msg/detail/perc_cmd__functions.c
-- Up-to-date: /home/meizan/workspace/athena-robot-dog/modules/message/ros2/install/perception_msgs/include/perception_msgs/msg/detail/dog_state__functions.h
-- Up-to-date: /home/meizan/workspace/athena-robot-dog/modules/message/ros2/install/perception_msgs/include/perception_msgs/msg/detail/task_list__functions.h
-- Up-to-date: /home/meizan/workspace/athena-robot-dog/modules/message/ros2/install/perception_msgs/include/perception_msgs/msg/detail/perc_cmd__type_support.h
-- Up-to-date: /home/meizan/workspace/athena-robot-dog/modules/message/ros2/install/perception_msgs/include/perception_msgs/msg/detail/dog_state__struct.h
-- Up-to-date: /home/meizan/workspace/athena-robot-dog/modules/message/ros2/install/perception_msgs/include/perception_msgs/msg/detail/action_entry__type_support.h
-- Up-to-date: /home/meizan/workspace/athena-robot-dog/modules/message/ros2/install/perception_msgs/include/perception_msgs/msg/detail/dog_state__functions.c
-- Up-to-date: /home/meizan/workspace/athena-robot-dog/modules/message/ros2/install/perception_msgs/include/perception_msgs/msg/detail/perc_req__functions.c
-- Up-to-date: /home/meizan/workspace/athena-robot-dog/modules/message/ros2/install/perception_msgs/include/perception_msgs/msg/detail/perc_state__type_support.h
-- Up-to-date: /home/meizan/workspace/athena-robot-dog/modules/message/ros2/install/perception_msgs/include/perception_msgs/msg/detail/task_list__struct.h
-- Up-to-date: /home/meizan/workspace/athena-robot-dog/modules/message/ros2/install/perception_msgs/include/perception_msgs/msg/detail/perc_req__struct.h
-- Up-to-date: /home/meizan/workspace/athena-robot-dog/modules/message/ros2/install/perception_msgs/include/perception_msgs/msg/detail/alarm_entry__struct.h
-- Up-to-date: /home/meizan/workspace/athena-robot-dog/modules/message/ros2/install/perception_msgs/include/perception_msgs/msg/detail/perc_req__functions.h
-- Up-to-date: /home/meizan/workspace/athena-robot-dog/modules/message/ros2/install/perception_msgs/include/perception_msgs/msg/detail/action_entry__struct.h
-- Up-to-date: /home/meizan/workspace/athena-robot-dog/modules/message/ros2/install/perception_msgs/include/perception_msgs/msg/detail/perc_req__type_support.h
-- Up-to-date: /home/meizan/workspace/athena-robot-dog/modules/message/ros2/install/perception_msgs/include/perception_msgs/msg/detail/perc_state__functions.h
-- Up-to-date: /home/meizan/workspace/athena-robot-dog/modules/message/ros2/install/perception_msgs/include/perception_msgs/msg/detail/alarm_entry__type_support.h
-- Up-to-date: /home/meizan/workspace/athena-robot-dog/modules/message/ros2/install/perception_msgs/include/perception_msgs/msg/detail/perc_state__struct.h
-- Up-to-date: /home/meizan/workspace/athena-robot-dog/modules/message/ros2/install/perception_msgs/include/perception_msgs/msg/detail/perc_state__functions.c
-- Up-to-date: /home/meizan/workspace/athena-robot-dog/modules/message/ros2/install/perception_msgs/include/perception_msgs/msg/detail/perc_cmd__struct.h
-- Up-to-date: /home/meizan/workspace/athena-robot-dog/modules/message/ros2/install/perception_msgs/include/perception_msgs/msg/detail/alarm_entry__functions.h
-- Up-to-date: /home/meizan/workspace/athena-robot-dog/modules/message/ros2/install/perception_msgs/include/perception_msgs/msg/detail/task_list__functions.c
-- Up-to-date: /home/meizan/workspace/athena-robot-dog/modules/message/ros2/install/perception_msgs/include/perception_msgs/msg/detail/task_list__type_support.h
-- Up-to-date: /home/meizan/workspace/athena-robot-dog/modules/message/ros2/install/perception_msgs/include/perception_msgs/msg/dog_state.h
-- Up-to-date: /home/meizan/workspace/athena-robot-dog/modules/message/ros2/install/perception_msgs/include/perception_msgs/msg/perc_cmd.h
-- Up-to-date: /home/meizan/workspace/athena-robot-dog/modules/message/ros2/install/perception_msgs/include/perception_msgs/msg/perc_state.h
-- Up-to-date: /home/meizan/workspace/athena-robot-dog/modules/message/ros2/install/perception_msgs/include/perception_msgs/msg/task_list.h
-- Up-to-date: /home/meizan/workspace/athena-robot-dog/modules/message/ros2/install/perception_msgs/include/perception_msgs/msg/rosidl_generator_c__visibility_control.h
-- Up-to-date: /home/meizan/workspace/athena-robot-dog/modules/message/ros2/install/perception_msgs/include/perception_msgs/msg/alarm_entry.h
-- Up-to-date: /home/meizan/workspace/athena-robot-dog/modules/message/ros2/install/perception_msgs/include/perception_msgs/srv
-- Up-to-date: /home/meizan/workspace/athena-robot-dog/modules/message/ros2/install/perception_msgs/include/perception_msgs/srv/detail
-- Up-to-date: /home/meizan/workspace/athena-robot-dog/modules/message/ros2/install/perception_msgs/include/perception_msgs/srv/detail/dog_record_bag__functions.h
-- Up-to-date: /home/meizan/workspace/athena-robot-dog/modules/message/ros2/install/perception_msgs/include/perception_msgs/srv/detail/dog_record_bag__functions.c
-- Up-to-date: /home/meizan/workspace/athena-robot-dog/modules/message/ros2/install/perception_msgs/include/perception_msgs/srv/detail/dog_record_bag__type_support.h
-- Up-to-date: /home/meizan/workspace/athena-robot-dog/modules/message/ros2/install/perception_msgs/include/perception_msgs/srv/detail/dog_record_bag__struct.h
-- Up-to-date: /home/meizan/workspace/athena-robot-dog/modules/message/ros2/install/perception_msgs/include/perception_msgs/srv/dog_record_bag.h
-- Up-to-date: /home/meizan/workspace/athena-robot-dog/modules/message/ros2/install/perception_msgs/share/perception_msgs/environment/library_path.sh
-- Installing: /home/meizan/workspace/athena-robot-dog/modules/message/ros2/install/perception_msgs/share/perception_msgs/environment/library_path.dsv
-- Up-to-date: /home/meizan/workspace/athena-robot-dog/modules/message/ros2/install/perception_msgs/lib/libperception_msgs__rosidl_generator_c.so
-- Up-to-date: /home/meizan/workspace/athena-robot-dog/modules/message/ros2/install/perception_msgs/include/perception_msgs
-- Up-to-date: /home/meizan/workspace/athena-robot-dog/modules/message/ros2/install/perception_msgs/include/perception_msgs/msg
-- Up-to-date: /home/meizan/workspace/athena-robot-dog/modules/message/ros2/install/perception_msgs/include/perception_msgs/msg/rosidl_typesupport_fastrtps_c__visibility_control.h
-- Up-to-date: /home/meizan/workspace/athena-robot-dog/modules/message/ros2/install/perception_msgs/include/perception_msgs/msg/detail
-- Up-to-date: /home/meizan/workspace/athena-robot-dog/modules/message/ros2/install/perception_msgs/include/perception_msgs/msg/detail/perc_state__rosidl_typesupport_fastrtps_c.h
-- Up-to-date: /home/meizan/workspace/athena-robot-dog/modules/message/ros2/install/perception_msgs/include/perception_msgs/msg/detail/alarm_entry__rosidl_typesupport_fastrtps_c.h
-- Up-to-date: /home/meizan/workspace/athena-robot-dog/modules/message/ros2/install/perception_msgs/include/perception_msgs/msg/detail/perc_req__rosidl_typesupport_fastrtps_c.h
-- Up-to-date: /home/meizan/workspace/athena-robot-dog/modules/message/ros2/install/perception_msgs/include/perception_msgs/msg/detail/task_list__rosidl_typesupport_fastrtps_c.h
-- Up-to-date: /home/meizan/workspace/athena-robot-dog/modules/message/ros2/install/perception_msgs/include/perception_msgs/msg/detail/dog_state__rosidl_typesupport_fastrtps_c.h
-- Up-to-date: /home/meizan/workspace/athena-robot-dog/modules/message/ros2/install/perception_msgs/include/perception_msgs/msg/detail/action_entry__rosidl_typesupport_fastrtps_c.h
-- Up-to-date: /home/meizan/workspace/athena-robot-dog/modules/message/ros2/install/perception_msgs/include/perception_msgs/msg/detail/perc_cmd__rosidl_typesupport_fastrtps_c.h
-- Up-to-date: /home/meizan/workspace/athena-robot-dog/modules/message/ros2/install/perception_msgs/include/perception_msgs/srv
-- Up-to-date: /home/meizan/workspace/athena-robot-dog/modules/message/ros2/install/perception_msgs/include/perception_msgs/srv/detail
-- Up-to-date: /home/meizan/workspace/athena-robot-dog/modules/message/ros2/install/perception_msgs/include/perception_msgs/srv/detail/dog_record_bag__rosidl_typesupport_fastrtps_c.h
-- Up-to-date: /home/meizan/workspace/athena-robot-dog/modules/message/ros2/install/perception_msgs/lib/libperception_msgs__rosidl_typesupport_fastrtps_c.so
-- Up-to-date: /home/meizan/workspace/athena-robot-dog/modules/message/ros2/install/perception_msgs/include/perception_msgs
-- Up-to-date: /home/meizan/workspace/athena-robot-dog/modules/message/ros2/install/perception_msgs/include/perception_msgs/msg
-- Up-to-date: /home/meizan/workspace/athena-robot-dog/modules/message/ros2/install/perception_msgs/include/perception_msgs/msg/detail
-- Up-to-date: /home/meizan/workspace/athena-robot-dog/modules/message/ros2/install/perception_msgs/include/perception_msgs/msg/detail/alarm_entry__rosidl_typesupport_fastrtps_cpp.hpp
-- Up-to-date: /home/meizan/workspace/athena-robot-dog/modules/message/ros2/install/perception_msgs/include/perception_msgs/msg/detail/action_entry__rosidl_typesupport_fastrtps_cpp.hpp
-- Up-to-date: /home/meizan/workspace/athena-robot-dog/modules/message/ros2/install/perception_msgs/include/perception_msgs/msg/detail/perc_state__rosidl_typesupport_fastrtps_cpp.hpp
-- Up-to-date: /home/meizan/workspace/athena-robot-dog/modules/message/ros2/install/perception_msgs/include/perception_msgs/msg/detail/dog_state__rosidl_typesupport_fastrtps_cpp.hpp
-- Up-to-date: /home/meizan/workspace/athena-robot-dog/modules/message/ros2/install/perception_msgs/include/perception_msgs/msg/detail/perc_cmd__rosidl_typesupport_fastrtps_cpp.hpp
-- Up-to-date: /home/meizan/workspace/athena-robot-dog/modules/message/ros2/install/perception_msgs/include/perception_msgs/msg/detail/task_list__rosidl_typesupport_fastrtps_cpp.hpp
-- Up-to-date: /home/meizan/workspace/athena-robot-dog/modules/message/ros2/install/perception_msgs/include/perception_msgs/msg/detail/dds_fastrtps
-- Up-to-date: /home/meizan/workspace/athena-robot-dog/modules/message/ros2/install/perception_msgs/include/perception_msgs/msg/detail/perc_req__rosidl_typesupport_fastrtps_cpp.hpp
-- Up-to-date: /home/meizan/workspace/athena-robot-dog/modules/message/ros2/install/perception_msgs/include/perception_msgs/msg/rosidl_typesupport_fastrtps_cpp__visibility_control.h
-- Up-to-date: /home/meizan/workspace/athena-robot-dog/modules/message/ros2/install/perception_msgs/include/perception_msgs/srv
-- Up-to-date: /home/meizan/workspace/athena-robot-dog/modules/message/ros2/install/perception_msgs/include/perception_msgs/srv/detail
-- Up-to-date: /home/meizan/workspace/athena-robot-dog/modules/message/ros2/install/perception_msgs/include/perception_msgs/srv/detail/dds_fastrtps
-- Up-to-date: /home/meizan/workspace/athena-robot-dog/modules/message/ros2/install/perception_msgs/include/perception_msgs/srv/detail/dog_record_bag__rosidl_typesupport_fastrtps_cpp.hpp
-- Up-to-date: /home/meizan/workspace/athena-robot-dog/modules/message/ros2/install/perception_msgs/lib/libperception_msgs__rosidl_typesupport_fastrtps_cpp.so
-- Up-to-date: /home/meizan/workspace/athena-robot-dog/modules/message/ros2/install/perception_msgs/include/perception_msgs
-- Up-to-date: /home/meizan/workspace/athena-robot-dog/modules/message/ros2/install/perception_msgs/include/perception_msgs/msg
-- Up-to-date: /home/meizan/workspace/athena-robot-dog/modules/message/ros2/install/perception_msgs/include/perception_msgs/msg/detail
-- Up-to-date: /home/meizan/workspace/athena-robot-dog/modules/message/ros2/install/perception_msgs/include/perception_msgs/msg/detail/task_list__rosidl_typesupport_introspection_c.h
-- Up-to-date: /home/meizan/workspace/athena-robot-dog/modules/message/ros2/install/perception_msgs/include/perception_msgs/msg/detail/action_entry__type_support.c
-- Up-to-date: /home/meizan/workspace/athena-robot-dog/modules/message/ros2/install/perception_msgs/include/perception_msgs/msg/detail/action_entry__rosidl_typesupport_introspection_c.h
-- Up-to-date: /home/meizan/workspace/athena-robot-dog/modules/message/ros2/install/perception_msgs/include/perception_msgs/msg/detail/dog_state__type_support.c
-- Up-to-date: /home/meizan/workspace/athena-robot-dog/modules/message/ros2/install/perception_msgs/include/perception_msgs/msg/detail/alarm_entry__type_support.c
-- Up-to-date: /home/meizan/workspace/athena-robot-dog/modules/message/ros2/install/perception_msgs/include/perception_msgs/msg/detail/perc_req__rosidl_typesupport_introspection_c.h
-- Up-to-date: /home/meizan/workspace/athena-robot-dog/modules/message/ros2/install/perception_msgs/include/perception_msgs/msg/detail/perc_cmd__type_support.c
-- Up-to-date: /home/meizan/workspace/athena-robot-dog/modules/message/ros2/install/perception_msgs/include/perception_msgs/msg/detail/dog_state__rosidl_typesupport_introspection_c.h
-- Up-to-date: /home/meizan/workspace/athena-robot-dog/modules/message/ros2/install/perception_msgs/include/perception_msgs/msg/detail/alarm_entry__rosidl_typesupport_introspection_c.h
-- Up-to-date: /home/meizan/workspace/athena-robot-dog/modules/message/ros2/install/perception_msgs/include/perception_msgs/msg/detail/perc_req__type_support.c
-- Up-to-date: /home/meizan/workspace/athena-robot-dog/modules/message/ros2/install/perception_msgs/include/perception_msgs/msg/detail/perc_state__type_support.c
-- Up-to-date: /home/meizan/workspace/athena-robot-dog/modules/message/ros2/install/perception_msgs/include/perception_msgs/msg/detail/task_list__type_support.c
-- Up-to-date: /home/meizan/workspace/athena-robot-dog/modules/message/ros2/install/perception_msgs/include/perception_msgs/msg/detail/perc_state__rosidl_typesupport_introspection_c.h
-- Up-to-date: /home/meizan/workspace/athena-robot-dog/modules/message/ros2/install/perception_msgs/include/perception_msgs/msg/detail/perc_cmd__rosidl_typesupport_introspection_c.h
-- Up-to-date: /home/meizan/workspace/athena-robot-dog/modules/message/ros2/install/perception_msgs/include/perception_msgs/msg/rosidl_typesupport_introspection_c__visibility_control.h
-- Up-to-date: /home/meizan/workspace/athena-robot-dog/modules/message/ros2/install/perception_msgs/include/perception_msgs/srv
-- Up-to-date: /home/meizan/workspace/athena-robot-dog/modules/message/ros2/install/perception_msgs/include/perception_msgs/srv/detail
-- Up-to-date: /home/meizan/workspace/athena-robot-dog/modules/message/ros2/install/perception_msgs/include/perception_msgs/srv/detail/dog_record_bag__type_support.c
-- Up-to-date: /home/meizan/workspace/athena-robot-dog/modules/message/ros2/install/perception_msgs/include/perception_msgs/srv/detail/dog_record_bag__rosidl_typesupport_introspection_c.h
-- Up-to-date: /home/meizan/workspace/athena-robot-dog/modules/message/ros2/install/perception_msgs/lib/libperception_msgs__rosidl_typesupport_introspection_c.so
-- Up-to-date: /home/meizan/workspace/athena-robot-dog/modules/message/ros2/install/perception_msgs/lib/libperception_msgs__rosidl_typesupport_c.so
-- Up-to-date: /home/meizan/workspace/athena-robot-dog/modules/message/ros2/install/perception_msgs/include/perception_msgs
-- Up-to-date: /home/meizan/workspace/athena-robot-dog/modules/message/ros2/install/perception_msgs/include/perception_msgs/msg
-- Up-to-date: /home/meizan/workspace/athena-robot-dog/modules/message/ros2/install/perception_msgs/include/perception_msgs/msg/perc_req.hpp
-- Up-to-date: /home/meizan/workspace/athena-robot-dog/modules/message/ros2/install/perception_msgs/include/perception_msgs/msg/detail
-- Up-to-date: /home/meizan/workspace/athena-robot-dog/modules/message/ros2/install/perception_msgs/include/perception_msgs/msg/detail/alarm_entry__builder.hpp
-- Up-to-date: /home/meizan/workspace/athena-robot-dog/modules/message/ros2/install/perception_msgs/include/perception_msgs/msg/detail/task_list__struct.hpp
-- Up-to-date: /home/meizan/workspace/athena-robot-dog/modules/message/ros2/install/perception_msgs/include/perception_msgs/msg/detail/action_entry__struct.hpp
-- Up-to-date: /home/meizan/workspace/athena-robot-dog/modules/message/ros2/install/perception_msgs/include/perception_msgs/msg/detail/task_list__type_support.hpp
-- Up-to-date: /home/meizan/workspace/athena-robot-dog/modules/message/ros2/install/perception_msgs/include/perception_msgs/msg/detail/perc_state__struct.hpp
-- Up-to-date: /home/meizan/workspace/athena-robot-dog/modules/message/ros2/install/perception_msgs/include/perception_msgs/msg/detail/perc_req__builder.hpp
-- Up-to-date: /home/meizan/workspace/athena-robot-dog/modules/message/ros2/install/perception_msgs/include/perception_msgs/msg/detail/task_list__traits.hpp
-- Up-to-date: /home/meizan/workspace/athena-robot-dog/modules/message/ros2/install/perception_msgs/include/perception_msgs/msg/detail/action_entry__type_support.hpp
-- Up-to-date: /home/meizan/workspace/athena-robot-dog/modules/message/ros2/install/perception_msgs/include/perception_msgs/msg/detail/perc_cmd__traits.hpp
-- Up-to-date: /home/meizan/workspace/athena-robot-dog/modules/message/ros2/install/perception_msgs/include/perception_msgs/msg/detail/action_entry__traits.hpp
-- Up-to-date: /home/meizan/workspace/athena-robot-dog/modules/message/ros2/install/perception_msgs/include/perception_msgs/msg/detail/perc_req__traits.hpp
-- Up-to-date: /home/meizan/workspace/athena-robot-dog/modules/message/ros2/install/perception_msgs/include/perception_msgs/msg/detail/alarm_entry__traits.hpp
-- Up-to-date: /home/meizan/workspace/athena-robot-dog/modules/message/ros2/install/perception_msgs/include/perception_msgs/msg/detail/perc_cmd__type_support.hpp
-- Up-to-date: /home/meizan/workspace/athena-robot-dog/modules/message/ros2/install/perception_msgs/include/perception_msgs/msg/detail/perc_state__builder.hpp
-- Up-to-date: /home/meizan/workspace/athena-robot-dog/modules/message/ros2/install/perception_msgs/include/perception_msgs/msg/detail/dog_state__traits.hpp
-- Up-to-date: /home/meizan/workspace/athena-robot-dog/modules/message/ros2/install/perception_msgs/include/perception_msgs/msg/detail/perc_cmd__builder.hpp
-- Up-to-date: /home/meizan/workspace/athena-robot-dog/modules/message/ros2/install/perception_msgs/include/perception_msgs/msg/detail/dog_state__struct.hpp
-- Up-to-date: /home/meizan/workspace/athena-robot-dog/modules/message/ros2/install/perception_msgs/include/perception_msgs/msg/detail/perc_req__type_support.hpp
-- Up-to-date: /home/meizan/workspace/athena-robot-dog/modules/message/ros2/install/perception_msgs/include/perception_msgs/msg/detail/perc_state__traits.hpp
-- Up-to-date: /home/meizan/workspace/athena-robot-dog/modules/message/ros2/install/perception_msgs/include/perception_msgs/msg/detail/action_entry__builder.hpp
-- Up-to-date: /home/meizan/workspace/athena-robot-dog/modules/message/ros2/install/perception_msgs/include/perception_msgs/msg/detail/dog_state__type_support.hpp
-- Up-to-date: /home/meizan/workspace/athena-robot-dog/modules/message/ros2/install/perception_msgs/include/perception_msgs/msg/detail/perc_req__struct.hpp
-- Up-to-date: /home/meizan/workspace/athena-robot-dog/modules/message/ros2/install/perception_msgs/include/perception_msgs/msg/detail/alarm_entry__type_support.hpp
-- Up-to-date: /home/meizan/workspace/athena-robot-dog/modules/message/ros2/install/perception_msgs/include/perception_msgs/msg/detail/task_list__builder.hpp
-- Up-to-date: /home/meizan/workspace/athena-robot-dog/modules/message/ros2/install/perception_msgs/include/perception_msgs/msg/detail/dog_state__builder.hpp
-- Up-to-date: /home/meizan/workspace/athena-robot-dog/modules/message/ros2/install/perception_msgs/include/perception_msgs/msg/detail/perc_state__type_support.hpp
-- Up-to-date: /home/meizan/workspace/athena-robot-dog/modules/message/ros2/install/perception_msgs/include/perception_msgs/msg/detail/perc_cmd__struct.hpp
-- Up-to-date: /home/meizan/workspace/athena-robot-dog/modules/message/ros2/install/perception_msgs/include/perception_msgs/msg/detail/alarm_entry__struct.hpp
-- Up-to-date: /home/meizan/workspace/athena-robot-dog/modules/message/ros2/install/perception_msgs/include/perception_msgs/msg/alarm_entry.hpp
-- Up-to-date: /home/meizan/workspace/athena-robot-dog/modules/message/ros2/install/perception_msgs/include/perception_msgs/msg/action_entry.hpp
-- Up-to-date: /home/meizan/workspace/athena-robot-dog/modules/message/ros2/install/perception_msgs/include/perception_msgs/msg/task_list.hpp
-- Up-to-date: /home/meizan/workspace/athena-robot-dog/modules/message/ros2/install/perception_msgs/include/perception_msgs/msg/dog_state.hpp
-- Up-to-date: /home/meizan/workspace/athena-robot-dog/modules/message/ros2/install/perception_msgs/include/perception_msgs/msg/perc_cmd.hpp
-- Up-to-date: /home/meizan/workspace/athena-robot-dog/modules/message/ros2/install/perception_msgs/include/perception_msgs/msg/rosidl_generator_cpp__visibility_control.hpp
-- Up-to-date: /home/meizan/workspace/athena-robot-dog/modules/message/ros2/install/perception_msgs/include/perception_msgs/msg/perc_state.hpp
-- Up-to-date: /home/meizan/workspace/athena-robot-dog/modules/message/ros2/install/perception_msgs/include/perception_msgs/srv
-- Up-to-date: /home/meizan/workspace/athena-robot-dog/modules/message/ros2/install/perception_msgs/include/perception_msgs/srv/detail
-- Up-to-date: /home/meizan/workspace/athena-robot-dog/modules/message/ros2/install/perception_msgs/include/perception_msgs/srv/detail/dog_record_bag__type_support.hpp
-- Up-to-date: /home/meizan/workspace/athena-robot-dog/modules/message/ros2/install/perception_msgs/include/perception_msgs/srv/detail/dog_record_bag__builder.hpp
-- Up-to-date: /home/meizan/workspace/athena-robot-dog/modules/message/ros2/install/perception_msgs/include/perception_msgs/srv/detail/dog_record_bag__struct.hpp
-- Up-to-date: /home/meizan/workspace/athena-robot-dog/modules/message/ros2/install/perception_msgs/include/perception_msgs/srv/detail/dog_record_bag__traits.hpp
-- Up-to-date: /home/meizan/workspace/athena-robot-dog/modules/message/ros2/install/perception_msgs/include/perception_msgs/srv/dog_record_bag.hpp
-- Up-to-date: /home/meizan/workspace/athena-robot-dog/modules/message/ros2/install/perception_msgs/include/perception_msgs
-- Up-to-date: /home/meizan/workspace/athena-robot-dog/modules/message/ros2/install/perception_msgs/include/perception_msgs/msg
-- Up-to-date: /home/meizan/workspace/athena-robot-dog/modules/message/ros2/install/perception_msgs/include/perception_msgs/msg/detail
-- Up-to-date: /home/meizan/workspace/athena-robot-dog/modules/message/ros2/install/perception_msgs/include/perception_msgs/msg/detail/perc_state__type_support.cpp
-- Up-to-date: /home/meizan/workspace/athena-robot-dog/modules/message/ros2/install/perception_msgs/include/perception_msgs/msg/detail/alarm_entry__rosidl_typesupport_introspection_cpp.hpp
-- Up-to-date: /home/meizan/workspace/athena-robot-dog/modules/message/ros2/install/perception_msgs/include/perception_msgs/msg/detail/perc_req__rosidl_typesupport_introspection_cpp.hpp
-- Up-to-date: /home/meizan/workspace/athena-robot-dog/modules/message/ros2/install/perception_msgs/include/perception_msgs/msg/detail/task_list__rosidl_typesupport_introspection_cpp.hpp
-- Up-to-date: /home/meizan/workspace/athena-robot-dog/modules/message/ros2/install/perception_msgs/include/perception_msgs/msg/detail/perc_cmd__rosidl_typesupport_introspection_cpp.hpp
-- Up-to-date: /home/meizan/workspace/athena-robot-dog/modules/message/ros2/install/perception_msgs/include/perception_msgs/msg/detail/dog_state__type_support.cpp
-- Up-to-date: /home/meizan/workspace/athena-robot-dog/modules/message/ros2/install/perception_msgs/include/perception_msgs/msg/detail/perc_cmd__type_support.cpp
-- Up-to-date: /home/meizan/workspace/athena-robot-dog/modules/message/ros2/install/perception_msgs/include/perception_msgs/msg/detail/perc_req__type_support.cpp
-- Up-to-date: /home/meizan/workspace/athena-robot-dog/modules/message/ros2/install/perception_msgs/include/perception_msgs/msg/detail/action_entry__rosidl_typesupport_introspection_cpp.hpp
-- Up-to-date: /home/meizan/workspace/athena-robot-dog/modules/message/ros2/install/perception_msgs/include/perception_msgs/msg/detail/action_entry__type_support.cpp
-- Up-to-date: /home/meizan/workspace/athena-robot-dog/modules/message/ros2/install/perception_msgs/include/perception_msgs/msg/detail/dog_state__rosidl_typesupport_introspection_cpp.hpp
-- Up-to-date: /home/meizan/workspace/athena-robot-dog/modules/message/ros2/install/perception_msgs/include/perception_msgs/msg/detail/task_list__type_support.cpp
-- Up-to-date: /home/meizan/workspace/athena-robot-dog/modules/message/ros2/install/perception_msgs/include/perception_msgs/msg/detail/alarm_entry__type_support.cpp
-- Up-to-date: /home/meizan/workspace/athena-robot-dog/modules/message/ros2/install/perception_msgs/include/perception_msgs/msg/detail/perc_state__rosidl_typesupport_introspection_cpp.hpp
-- Up-to-date: /home/meizan/workspace/athena-robot-dog/modules/message/ros2/install/perception_msgs/include/perception_msgs/srv
-- Up-to-date: /home/meizan/workspace/athena-robot-dog/modules/message/ros2/install/perception_msgs/include/perception_msgs/srv/detail
-- Up-to-date: /home/meizan/workspace/athena-robot-dog/modules/message/ros2/install/perception_msgs/include/perception_msgs/srv/detail/dog_record_bag__type_support.cpp
-- Up-to-date: /home/meizan/workspace/athena-robot-dog/modules/message/ros2/install/perception_msgs/include/perception_msgs/srv/detail/dog_record_bag__rosidl_typesupport_introspection_cpp.hpp
-- Up-to-date: /home/meizan/workspace/athena-robot-dog/modules/message/ros2/install/perception_msgs/lib/libperception_msgs__rosidl_typesupport_introspection_cpp.so
-- Up-to-date: /home/meizan/workspace/athena-robot-dog/modules/message/ros2/install/perception_msgs/lib/libperception_msgs__rosidl_typesupport_cpp.so
-- Up-to-date: /home/meizan/workspace/athena-robot-dog/modules/message/ros2/install/perception_msgs/share/perception_msgs/environment/pythonpath.sh
-- Installing: /home/meizan/workspace/athena-robot-dog/modules/message/ros2/install/perception_msgs/share/perception_msgs/environment/pythonpath.dsv
-- Installing: /home/meizan/workspace/athena-robot-dog/modules/message/ros2/install/perception_msgs/lib/python3.8/site-packages/perception_msgs/__init__.py
Compiling '/home/meizan/workspace/athena-robot-dog/modules/message/ros2/install/perception_msgs/lib/python3.8/site-packages/perception_msgs/__init__.py'...
-- Up-to-date: /home/meizan/workspace/athena-robot-dog/modules/message/ros2/install/perception_msgs/lib/python3.8/site-packages/perception_msgs/msg
-- Up-to-date: /home/meizan/workspace/athena-robot-dog/modules/message/ros2/install/perception_msgs/lib/python3.8/site-packages/perception_msgs/msg/_task_list.py
-- Up-to-date: /home/meizan/workspace/athena-robot-dog/modules/message/ros2/install/perception_msgs/lib/python3.8/site-packages/perception_msgs/msg/_perc_req.py
-- Up-to-date: /home/meizan/workspace/athena-robot-dog/modules/message/ros2/install/perception_msgs/lib/python3.8/site-packages/perception_msgs/msg/_action_entry_s.c
-- Up-to-date: /home/meizan/workspace/athena-robot-dog/modules/message/ros2/install/perception_msgs/lib/python3.8/site-packages/perception_msgs/msg/_dog_state.py
-- Up-to-date: /home/meizan/workspace/athena-robot-dog/modules/message/ros2/install/perception_msgs/lib/python3.8/site-packages/perception_msgs/msg/_perc_cmd_s.c
-- Up-to-date: /home/meizan/workspace/athena-robot-dog/modules/message/ros2/install/perception_msgs/lib/python3.8/site-packages/perception_msgs/msg/_alarm_entry.py
-- Up-to-date: /home/meizan/workspace/athena-robot-dog/modules/message/ros2/install/perception_msgs/lib/python3.8/site-packages/perception_msgs/msg/__init__.py
-- Up-to-date: /home/meizan/workspace/athena-robot-dog/modules/message/ros2/install/perception_msgs/lib/python3.8/site-packages/perception_msgs/msg/_perc_state_s.c
-- Up-to-date: /home/meizan/workspace/athena-robot-dog/modules/message/ros2/install/perception_msgs/lib/python3.8/site-packages/perception_msgs/msg/_alarm_entry_s.c
-- Up-to-date: /home/meizan/workspace/athena-robot-dog/modules/message/ros2/install/perception_msgs/lib/python3.8/site-packages/perception_msgs/msg/_perc_req_s.c
-- Up-to-date: /home/meizan/workspace/athena-robot-dog/modules/message/ros2/install/perception_msgs/lib/python3.8/site-packages/perception_msgs/msg/_dog_state_s.c
-- Up-to-date: /home/meizan/workspace/athena-robot-dog/modules/message/ros2/install/perception_msgs/lib/python3.8/site-packages/perception_msgs/msg/_perc_state.py
-- Up-to-date: /home/meizan/workspace/athena-robot-dog/modules/message/ros2/install/perception_msgs/lib/python3.8/site-packages/perception_msgs/msg/_task_list_s.c
-- Up-to-date: /home/meizan/workspace/athena-robot-dog/modules/message/ros2/install/perception_msgs/lib/python3.8/site-packages/perception_msgs/msg/_perc_cmd.py
-- Up-to-date: /home/meizan/workspace/athena-robot-dog/modules/message/ros2/install/perception_msgs/lib/python3.8/site-packages/perception_msgs/msg/_action_entry.py
-- Up-to-date: /home/meizan/workspace/athena-robot-dog/modules/message/ros2/install/perception_msgs/lib/python3.8/site-packages/perception_msgs/srv
-- Up-to-date: /home/meizan/workspace/athena-robot-dog/modules/message/ros2/install/perception_msgs/lib/python3.8/site-packages/perception_msgs/srv/_dog_record_bag.py
-- Up-to-date: /home/meizan/workspace/athena-robot-dog/modules/message/ros2/install/perception_msgs/lib/python3.8/site-packages/perception_msgs/srv/__init__.py
-- Up-to-date: /home/meizan/workspace/athena-robot-dog/modules/message/ros2/install/perception_msgs/lib/python3.8/site-packages/perception_msgs/srv/_dog_record_bag_s.c
-- Up-to-date: /home/meizan/workspace/athena-robot-dog/modules/message/ros2/install/perception_msgs/lib/python3.8/site-packages/perception_msgs/perception_msgs_s__rosidl_typesupport_fastrtps_c.cpython-38-x86_64-linux-gnu.so
-- Up-to-date: /home/meizan/workspace/athena-robot-dog/modules/message/ros2/install/perception_msgs/lib/python3.8/site-packages/perception_msgs/perception_msgs_s__rosidl_typesupport_introspection_c.cpython-38-x86_64-linux-gnu.so
-- Up-to-date: /home/meizan/workspace/athena-robot-dog/modules/message/ros2/install/perception_msgs/lib/python3.8/site-packages/perception_msgs/perception_msgs_s__rosidl_typesupport_c.cpython-38-x86_64-linux-gnu.so
-- Up-to-date: /home/meizan/workspace/athena-robot-dog/modules/message/ros2/install/perception_msgs/lib/libperception_msgs__python.so
-- Up-to-date: /home/meizan/workspace/athena-robot-dog/modules/message/ros2/install/perception_msgs/share/perception_msgs/msg/ActionEntry.idl
-- Up-to-date: /home/meizan/workspace/athena-robot-dog/modules/message/ros2/install/perception_msgs/share/perception_msgs/msg/AlarmEntry.idl
-- Up-to-date: /home/meizan/workspace/athena-robot-dog/modules/message/ros2/install/perception_msgs/share/perception_msgs/msg/PercCmd.idl
-- Up-to-date: /home/meizan/workspace/athena-robot-dog/modules/message/ros2/install/perception_msgs/share/perception_msgs/msg/PercState.idl
-- Up-to-date: /home/meizan/workspace/athena-robot-dog/modules/message/ros2/install/perception_msgs/share/perception_msgs/msg/PercReq.idl
-- Up-to-date: /home/meizan/workspace/athena-robot-dog/modules/message/ros2/install/perception_msgs/share/perception_msgs/msg/TaskList.idl
-- Up-to-date: /home/meizan/workspace/athena-robot-dog/modules/message/ros2/install/perception_msgs/share/perception_msgs/msg/DogState.idl
-- Up-to-date: /home/meizan/workspace/athena-robot-dog/modules/message/ros2/install/perception_msgs/share/perception_msgs/srv/DogRecordBag.idl
-- Up-to-date: /home/meizan/workspace/athena-robot-dog/modules/message/ros2/install/perception_msgs/share/perception_msgs/msg/ActionEntry.msg
-- Up-to-date: /home/meizan/workspace/athena-robot-dog/modules/message/ros2/install/perception_msgs/share/perception_msgs/msg/AlarmEntry.msg
-- Up-to-date: /home/meizan/workspace/athena-robot-dog/modules/message/ros2/install/perception_msgs/share/perception_msgs/msg/PercCmd.msg
-- Up-to-date: /home/meizan/workspace/athena-robot-dog/modules/message/ros2/install/perception_msgs/share/perception_msgs/msg/PercState.msg
-- Up-to-date: /home/meizan/workspace/athena-robot-dog/modules/message/ros2/install/perception_msgs/share/perception_msgs/msg/PercReq.msg
-- Up-to-date: /home/meizan/workspace/athena-robot-dog/modules/message/ros2/install/perception_msgs/share/perception_msgs/msg/TaskList.msg
-- Up-to-date: /home/meizan/workspace/athena-robot-dog/modules/message/ros2/install/perception_msgs/share/perception_msgs/msg/DogState.msg
-- Up-to-date: /home/meizan/workspace/athena-robot-dog/modules/message/ros2/install/perception_msgs/share/perception_msgs/srv/DogRecordBag.srv
-- Up-to-date: /home/meizan/workspace/athena-robot-dog/modules/message/ros2/install/perception_msgs/share/perception_msgs/srv/DogRecordBag_Request.msg
-- Up-to-date: /home/meizan/workspace/athena-robot-dog/modules/message/ros2/install/perception_msgs/share/perception_msgs/srv/DogRecordBag_Response.msg
-- Up-to-date: /home/meizan/workspace/athena-robot-dog/modules/message/ros2/install/perception_msgs/share/ament_index/resource_index/package_run_dependencies/perception_msgs
-- Up-to-date: /home/meizan/workspace/athena-robot-dog/modules/message/ros2/install/perception_msgs/share/ament_index/resource_index/parent_prefix_path/perception_msgs
-- Up-to-date: /home/meizan/workspace/athena-robot-dog/modules/message/ros2/install/perception_msgs/share/perception_msgs/environment/ament_prefix_path.sh
-- Installing: /home/meizan/workspace/athena-robot-dog/modules/message/ros2/install/perception_msgs/share/perception_msgs/environment/ament_prefix_path.dsv
-- Up-to-date: /home/meizan/workspace/athena-robot-dog/modules/message/ros2/install/perception_msgs/share/perception_msgs/environment/path.sh
-- Installing: /home/meizan/workspace/athena-robot-dog/modules/message/ros2/install/perception_msgs/share/perception_msgs/environment/path.dsv
-- Up-to-date: /home/meizan/workspace/athena-robot-dog/modules/message/ros2/install/perception_msgs/share/perception_msgs/local_setup.bash
-- Up-to-date: /home/meizan/workspace/athena-robot-dog/modules/message/ros2/install/perception_msgs/share/perception_msgs/local_setup.sh
-- Up-to-date: /home/meizan/workspace/athena-robot-dog/modules/message/ros2/install/perception_msgs/share/perception_msgs/local_setup.zsh
-- Installing: /home/meizan/workspace/athena-robot-dog/modules/message/ros2/install/perception_msgs/share/perception_msgs/local_setup.dsv
-- Installing: /home/meizan/workspace/athena-robot-dog/modules/message/ros2/install/perception_msgs/share/perception_msgs/package.dsv
-- Up-to-date: /home/meizan/workspace/athena-robot-dog/modules/message/ros2/install/perception_msgs/share/ament_index/resource_index/packages/perception_msgs
-- Up-to-date: /home/meizan/workspace/athena-robot-dog/modules/message/ros2/install/perception_msgs/share/perception_msgs/cmake/perception_msgs__rosidl_generator_cExport.cmake
-- Up-to-date: /home/meizan/workspace/athena-robot-dog/modules/message/ros2/install/perception_msgs/share/perception_msgs/cmake/perception_msgs__rosidl_generator_cExport-noconfig.cmake
-- Up-to-date: /home/meizan/workspace/athena-robot-dog/modules/message/ros2/install/perception_msgs/share/perception_msgs/cmake/perception_msgs__rosidl_typesupport_introspection_cExport.cmake
-- Up-to-date: /home/meizan/workspace/athena-robot-dog/modules/message/ros2/install/perception_msgs/share/perception_msgs/cmake/perception_msgs__rosidl_typesupport_introspection_cExport-noconfig.cmake
-- Up-to-date: /home/meizan/workspace/athena-robot-dog/modules/message/ros2/install/perception_msgs/share/perception_msgs/cmake/perception_msgs__rosidl_typesupport_cExport.cmake
-- Up-to-date: /home/meizan/workspace/athena-robot-dog/modules/message/ros2/install/perception_msgs/share/perception_msgs/cmake/perception_msgs__rosidl_typesupport_cExport-noconfig.cmake
-- Up-to-date: /home/meizan/workspace/athena-robot-dog/modules/message/ros2/install/perception_msgs/share/perception_msgs/cmake/perception_msgs__rosidl_generator_cppExport.cmake
-- Up-to-date: /home/meizan/workspace/athena-robot-dog/modules/message/ros2/install/perception_msgs/share/perception_msgs/cmake/perception_msgs__rosidl_typesupport_introspection_cppExport.cmake
-- Up-to-date: /home/meizan/workspace/athena-robot-dog/modules/message/ros2/install/perception_msgs/share/perception_msgs/cmake/perception_msgs__rosidl_typesupport_introspection_cppExport-noconfig.cmake
-- Up-to-date: /home/meizan/workspace/athena-robot-dog/modules/message/ros2/install/perception_msgs/share/perception_msgs/cmake/perception_msgs__rosidl_typesupport_cppExport.cmake
-- Up-to-date: /home/meizan/workspace/athena-robot-dog/modules/message/ros2/install/perception_msgs/share/perception_msgs/cmake/perception_msgs__rosidl_typesupport_cppExport-noconfig.cmake
-- Up-to-date: /home/meizan/workspace/athena-robot-dog/modules/message/ros2/install/perception_msgs/share/perception_msgs/cmake/rosidl_cmake-extras.cmake
-- Up-to-date: /home/meizan/workspace/athena-robot-dog/modules/message/ros2/install/perception_msgs/share/perception_msgs/cmake/ament_cmake_export_dependencies-extras.cmake
-- Up-to-date: /home/meizan/workspace/athena-robot-dog/modules/message/ros2/install/perception_msgs/share/perception_msgs/cmake/ament_cmake_export_libraries-extras.cmake
-- Up-to-date: /home/meizan/workspace/athena-robot-dog/modules/message/ros2/install/perception_msgs/share/perception_msgs/cmake/ament_cmake_export_targets-extras.cmake
-- Up-to-date: /home/meizan/workspace/athena-robot-dog/modules/message/ros2/install/perception_msgs/share/perception_msgs/cmake/ament_cmake_export_include_directories-extras.cmake
-- Up-to-date: /home/meizan/workspace/athena-robot-dog/modules/message/ros2/install/perception_msgs/share/perception_msgs/cmake/rosidl_cmake_export_typesupport_libraries-extras.cmake
-- Up-to-date: /home/meizan/workspace/athena-robot-dog/modules/message/ros2/install/perception_msgs/share/perception_msgs/cmake/rosidl_cmake_export_typesupport_targets-extras.cmake
-- Up-to-date: /home/meizan/workspace/athena-robot-dog/modules/message/ros2/install/perception_msgs/share/perception_msgs/cmake/perception_msgsConfig.cmake
-- Up-to-date: /home/meizan/workspace/athena-robot-dog/modules/message/ros2/install/perception_msgs/share/perception_msgs/cmake/perception_msgsConfig-version.cmake
-- Up-to-date: /home/meizan/workspace/athena-robot-dog/modules/message/ros2/install/perception_msgs/share/perception_msgs/package.xml
