Performing C SOURCE FILE Test CMAKE_HAVE_LIBC_PTHREAD failed with the following output:
Change Dir: /home/meizan/workspace/athena-robot-dog/modules/message/ros/build/perception_msgs/CMakeFiles/CMakeTmp

Run Build Command(s):/usr/bin/make cmTC_32d26/fast && /usr/bin/make -f CMakeFiles/cmTC_32d26.dir/build.make CMakeFiles/cmTC_32d26.dir/build
make[1]: 进入目录“/home/meizan/workspace/athena-robot-dog/modules/message/ros/build/perception_msgs/CMakeFiles/CMakeTmp”
Building C object CMakeFiles/cmTC_32d26.dir/src.c.o
/usr/bin/cc   -DCMAKE_HAVE_LIBC_PTHREAD   -o CMakeFiles/cmTC_32d26.dir/src.c.o   -c /home/meizan/workspace/athena-robot-dog/modules/message/ros/build/perception_msgs/CMakeFiles/CMakeTmp/src.c
Linking C executable cmTC_32d26
/usr/bin/cmake -E cmake_link_script CMakeFiles/cmTC_32d26.dir/link.txt --verbose=1
/usr/bin/cc  -DCMAKE_HAVE_LIBC_PTHREAD    -rdynamic CMakeFiles/cmTC_32d26.dir/src.c.o  -o cmTC_32d26 
/usr/bin/ld: CMakeFiles/cmTC_32d26.dir/src.c.o: in function `main':
src.c:(.text+0x46): undefined reference to `pthread_create'
/usr/bin/ld: src.c:(.text+0x52): undefined reference to `pthread_detach'
/usr/bin/ld: src.c:(.text+0x63): undefined reference to `pthread_join'
collect2: error: ld returned 1 exit status
make[1]: *** [CMakeFiles/cmTC_32d26.dir/build.make:87：cmTC_32d26] 错误 1
make[1]: 离开目录“/home/meizan/workspace/athena-robot-dog/modules/message/ros/build/perception_msgs/CMakeFiles/CMakeTmp”
make: *** [Makefile:121：cmTC_32d26/fast] 错误 2


Source file was:
#include <pthread.h>

void* test_func(void* data)
{
  return data;
}

int main(void)
{
  pthread_t thread;
  pthread_create(&thread, NULL, test_func, NULL);
  pthread_detach(thread);
  pthread_join(thread, NULL);
  pthread_atfork(NULL, NULL, NULL);
  pthread_exit(NULL);

  return 0;
}

Determining if the function pthread_create exists in the pthreads failed with the following output:
Change Dir: /home/meizan/workspace/athena-robot-dog/modules/message/ros/build/perception_msgs/CMakeFiles/CMakeTmp

Run Build Command(s):/usr/bin/make cmTC_8a08e/fast && /usr/bin/make -f CMakeFiles/cmTC_8a08e.dir/build.make CMakeFiles/cmTC_8a08e.dir/build
make[1]: 进入目录“/home/meizan/workspace/athena-robot-dog/modules/message/ros/build/perception_msgs/CMakeFiles/CMakeTmp”
Building C object CMakeFiles/cmTC_8a08e.dir/CheckFunctionExists.c.o
/usr/bin/cc   -DCHECK_FUNCTION_EXISTS=pthread_create   -o CMakeFiles/cmTC_8a08e.dir/CheckFunctionExists.c.o   -c /usr/share/cmake-3.16/Modules/CheckFunctionExists.c
Linking C executable cmTC_8a08e
/usr/bin/cmake -E cmake_link_script CMakeFiles/cmTC_8a08e.dir/link.txt --verbose=1
/usr/bin/cc  -DCHECK_FUNCTION_EXISTS=pthread_create    -rdynamic CMakeFiles/cmTC_8a08e.dir/CheckFunctionExists.c.o  -o cmTC_8a08e  -lpthreads 
/usr/bin/ld: 找不到 -lpthreads
collect2: error: ld returned 1 exit status
make[1]: *** [CMakeFiles/cmTC_8a08e.dir/build.make:87：cmTC_8a08e] 错误 1
make[1]: 离开目录“/home/meizan/workspace/athena-robot-dog/modules/message/ros/build/perception_msgs/CMakeFiles/CMakeTmp”
make: *** [Makefile:121：cmTC_8a08e/fast] 错误 2



